Archive member included because of file (symbol)

c:/program files (x86)/microchip/xc32/v1.44/bin/bin/../../lib/gcc/pic32mx/4.8.3/../../../../pic32mx/lib\libmchp_peripheral_32MX320F128H.a(int_configure_system_lib.o)
                              build/default/production/_ext/331920610/BOARD.o (INTConfigureSystem)
c:/program files (x86)/microchip/xc32/v1.44/bin/bin/../../lib/gcc/pic32mx/4.8.3/../../../../pic32mx/lib\libmchp_peripheral_32MX320F128H.a(int_enable_interrupts_lib.o)
                              build/default/production/_ext/331920610/BOARD.o (INTEnableInterrupts)
c:/program files (x86)/microchip/xc32/v1.44/bin/bin/../../lib/gcc/pic32mx/4.8.3/../../../../pic32mx/lib\libmchp_peripheral_32MX320F128H.a(int_tbl_lib.o)
                              build/default/production/_ext/331920610/AD.o (INTClearFlag)
c:/program files (x86)/microchip/xc32/v1.44/bin/bin/../../lib/gcc/pic32mx/4.8.3/../../../../pic32mx/lib\libmchp_peripheral_32MX320F128H.a(power_sleep_lib.o)
                              build/default/production/_ext/331920610/AD.o (PowerSaveSleep)
c:/program files (x86)/microchip/xc32/v1.44/bin/bin/../../lib/gcc/pic32mx/4.8.3/../../../../pic32mx/lib\libmchp_peripheral_32MX320F128H.a(port_set_pins_digital_in_lib.o)
                              build/default/production/_ext/331920610/BOARD.o (PORTSetPinsDigitalIn)
c:/program files (x86)/microchip/xc32/v1.44/bin/bin/../../lib/gcc/pic32mx/4.8.3/../../../../pic32mx/lib\libmchp_peripheral_32MX320F128H.a(_ports_tbl_libp.o)
                              c:/program files (x86)/microchip/xc32/v1.44/bin/bin/../../lib/gcc/pic32mx/4.8.3/../../../../pic32mx/lib\libmchp_peripheral_32MX320F128H.a(port_set_pins_digital_in_lib.o) (PortRegTbl)
c:/program files (x86)/microchip/xc32/v1.44/bin/bin/../../lib/gcc/pic32mx/4.8.3/../../../../pic32mx/lib\libmchp_peripheral_32MX320F128H.a(uart_lib.o)
                              build/default/production/_ext/331920610/serial.o (UARTEnable)
c:/program files (x86)/microchip/xc32/v1.44/bin/bin/../../lib/gcc/pic32mx/4.8.3/../../../../pic32mx/lib\libmchp_peripheral_32MX320F128H.a(int_disable_interrupts_lib.o)
                              c:/program files (x86)/microchip/xc32/v1.44/bin/bin/../../lib/gcc/pic32mx/4.8.3/../../../../pic32mx/lib\libmchp_peripheral_32MX320F128H.a(power_sleep_lib.o) (INTDisableInterrupts)
c:/program files (x86)/microchip/xc32/v1.44/bin/bin/../../lib/gcc/pic32mx/4.8.3/../../../../pic32mx/lib\libmchp_peripheral_32MX320F128H.a(int_restore_interrupts_lib.o)
                              c:/program files (x86)/microchip/xc32/v1.44/bin/bin/../../lib/gcc/pic32mx/4.8.3/../../../../pic32mx/lib\libmchp_peripheral_32MX320F128H.a(power_sleep_lib.o) (INTRestoreInterrupts)
c:/program files (x86)/microchip/xc32/v1.44/bin/bin/../../lib/gcc/pic32mx/4.8.3\libgcc.a(floatunsisf.o)
                              build/default/production/_ext/331920610/AD.o (__floatunsisf)
c:/program files (x86)/microchip/xc32/v1.44/bin/bin/../../lib/gcc/pic32mx/4.8.3/../../../../pic32mx/lib\libpic32.a(default-bootstrap-exception-handler.o)
                              c:/program files (x86)/microchip/xc32/v1.44/bin/bin/../../lib/gcc/pic32mx/4.8.3/../../../../pic32mx/lib/./proc/32MX320F128H/crt0_mips32r2.o (_bootstrap_exception_handler)
c:/program files (x86)/microchip/xc32/v1.44/bin/bin/../../lib/gcc/pic32mx/4.8.3/../../../../pic32mx/lib\libpic32.a(default-on-reset.o)
                              c:/program files (x86)/microchip/xc32/v1.44/bin/bin/../../lib/gcc/pic32mx/4.8.3/../../../../pic32mx/lib/./proc/32MX320F128H/crt0_mips32r2.o (_on_reset)
c:/program files (x86)/microchip/xc32/v1.44/bin/bin/../../lib/gcc/pic32mx/4.8.3/../../../../pic32mx/lib\libpic32.a(default-on-bootstrap.o)
                              c:/program files (x86)/microchip/xc32/v1.44/bin/bin/../../lib/gcc/pic32mx/4.8.3/../../../../pic32mx/lib/./proc/32MX320F128H/crt0_mips32r2.o (_on_bootstrap)
c:/program files (x86)/microchip/xc32/v1.44/bin/bin/../../lib/gcc/pic32mx/4.8.3/../../../../pic32mx/lib\libpic32.a(default-nmi-handler.o)
                              c:/program files (x86)/microchip/xc32/v1.44/bin/bin/../../lib/gcc/pic32mx/4.8.3/../../../../pic32mx/lib/./proc/32MX320F128H/crt0_mips32r2.o (_nmi_handler)
c:/program files (x86)/microchip/xc32/v1.44/bin/bin/../../lib/gcc/pic32mx/4.8.3/../../../../pic32mx/lib\libpic32.a(general-exception.o)
                              c:/program files (x86)/microchip/xc32/v1.44/bin/bin/../../lib/gcc/pic32mx/4.8.3/../../../../pic32mx/lib/./proc/32MX320F128H/crt0_mips32r2.o (_general_exception_context)
c:/program files (x86)/microchip/xc32/v1.44/bin/bin/../../lib/gcc/pic32mx/4.8.3/../../../../pic32mx/lib\libpic32.a(vector0.o)
                              c:/program files (x86)/microchip/xc32/v1.44/bin/bin/../../lib/gcc/pic32mx/4.8.3/../../../../pic32mx/lib/./proc/32MX320F128H\default_isr_vectors.o (__vector_dispatch_0)
[...]
Memory Configuration

Name             Origin             Length             Attributes
kseg0_program_mem 0x9d002000         0x0001d000         xr
kseg0_boot_mem   0x9d000490         0x00000970
exception_mem    0x9d001000         0x00001000
kseg1_boot_mem   0xbd000000         0x00000490
debug_exec_mem   0xbfc02000         0x00000ff0
config3          0xbfc02ff0         0x00000004
config2          0xbfc02ff4         0x00000004
config1          0xbfc02ff8         0x00000004
config0          0xbfc02ffc         0x00000004
kseg1_data_mem   0xa0000000         0x00004000         w !x
sfrs             0xbf800000         0x00100000
configsfrs       0xbfc02ff0         0x00000010
*default*        0x00000000         0xffffffff

Linker script and memory map

LOAD c:/program files (x86)/microchip/xc32/v1.44/bin/bin/../../lib/gcc/pic32mx/4.8.3/../../../../pic32mx/lib/./proc/32MX320F128H/crt0_mips32r2.o
LOAD c:/program files (x86)/microchip/xc32/v1.44/bin/bin/../../lib/gcc/pic32mx/4.8.3/../../../../pic32mx/lib\debug-exception-return.o
LOAD build/default/production/_ext/331920610/AD.o
LOAD build/default/production/_ext/331920610/BOARD.o
LOAD build/default/production/_ext/331920610/IO_Ports.o
LOAD build/default/production/_ext/331920610/LED.o
LOAD build/default/production/_ext/331920610/pwm.o
LOAD build/default/production/_ext/331920610/serial.o
LOAD build/default/production/_ext/331920610/timers.o
LOAD build/default/production/_ext/580189257/ES_CheckEvents.o
LOAD build/default/production/_ext/580189257/ES_Framework.o
LOAD build/default/production/_ext/580189257/ES_KeyboardInput.o
LOAD build/default/production/_ext/580189257/ES_PostList.o
LOAD build/default/production/_ext/580189257/ES_Queue.o
LOAD build/default/production/_ext/580189257/ES_TattleTale.o
LOAD build/default/production/_ext/580189257/ES_Timers.o
LOAD build/default/production/_ext/580189257/ES_Main.o
LOAD build/default/production/_ext/580189257/TopLevelHSM.o
LOAD build/default/production/_ext/580189257/SubSearchingHSM.o
LOAD build/default/production/_ext/580189257/SubOrientationHSM.o
LOAD build/default/production/_ext/580189257/BeaconEventChecker.o
LOAD build/default/production/_ext/580189257/BumpEventChecker.o
LOAD build/default/production/_ext/580189257/motor_drivers.o
LOAD build/default/production/_ext/580189257/RC_Servo.o
LOAD build/default/production/_ext/580189257/CornerTapeEventChecker.o
LOAD build/default/production/_ext/580189257/TapeEventChecker.o
LOAD build/default/production/_ext/580189257/TrackWireEventChecker.o
LOAD build/default/production/_ext/580189257/RenShipTapeEventChecker.o
LOAD build/default/production/_ext/580189257/KillCountEventChecker.o
LOAD build/default/production/_ext/580189257/SubEngagingHSM.o
LOAD build/default/production/_ext/331920610/IO_Ports.o
LOAD build/default/production/_ext/331920610/LED.o
LOAD build/default/production/_ext/331920610/pwm.o
LOAD build/default/production/_ext/580189257/RC_Servo.o
LOAD build/default/production/_ext/331920610/serial.o
LOAD build/default/production/_ext/331920610/timers.o
LOAD build/default/production/_ext/580189257/ES_CheckEvents.o
LOAD build/default/production/_ext/580189257/ES_Framework.o
LOAD build/default/production/_ext/580189257/ES_KeyboardInput.o
LOAD build/default/production/_ext/580189257/ES_PostList.o
LOAD build/default/production/_ext/580189257/ES_Queue.o
LOAD build/default/production/_ext/580189257/ES_Timers.o
LOAD build/default/production/_ext/580189257/ES_TattleTale.o
LOAD build/default/production/_ext/331920610/BOARD.o
LOAD build/default/production/_ext/331920610/AD.o
                0x00000001                __MPLAB_BUILD = 0x1
                0x00000400                PROVIDE (_min_stack_size, 0x400)
LOAD c:/program files (x86)/microchip/xc32/v1.44/bin/bin/../../lib/gcc/pic32mx/4.8.3/../../../../pic32mx/lib/./proc/32MX320F128H\processor.o
START GROUP
LOAD c:/program files (x86)/microchip/xc32/v1.44/bin/bin/../../lib/gcc/pic32mx/4.8.3/../../../../pic32mx/lib\libmchp_peripheral.a
END GROUP
START GROUP
LOAD c:/program files (x86)/microchip/xc32/v1.44/bin/bin/../../lib/gcc/pic32mx/4.8.3/../../../../pic32mx/lib\libmchp_peripheral_32MX320F128H.a
END GROUP
                0x00000001                PROVIDE (_vector_spacing, 0x1)
                0x9d001000                _ebase_address = 0x9d001000
                0xbd000000                _RESET_ADDR = 0xbd000000
                0xbd000380                _BEV_EXCPT_ADDR = 0xbd000380
                0xbd000480                _DBG_EXCPT_ADDR = 0xbd000480
                0xbfc02000                _DBG_CODE_ADDR = 0xbfc02000
                0x00000ff0                _DBG_CODE_SIZE = 0xff0
                0x9d001180                _GEN_EXCPT_ADDR = (_ebase_address + 0x180)

.config_BFC02FF0
 *(.config_BFC02FF0)

.config_BFC02FF4
 *(.config_BFC02FF4)

.config_BFC02FF8
 *(.config_BFC02FF8)

.config_BFC02FFC
 *(.config_BFC02FFC)
                0xbfc02000                PROVIDE (_DBG_CODE_ADDR, 0xbfc02000)
                0x00000ff0                PROVIDE (_DBG_CODE_SIZE, 0xff0)

.reset          0xbd000000      0x208
 *(.reset)
 .reset         0xbd000000        0x8 c:/program files (x86)/microchip/xc32/v1.44/bin/bin/../../lib/gcc/pic32mx/4.8.3/../../../../pic32mx/lib/./proc/32MX320F128H/crt0_mips32r2.o
                0xbd000000                _reset
 *(.reset.startup)
 .reset.startup
                0xbd000008      0x200 c:/program files (x86)/microchip/xc32/v1.44/bin/bin/../../lib/gcc/pic32mx/4.8.3/../../../../pic32mx/lib/./proc/32MX320F128H/crt0_mips32r2.o
                0xbd000008                _startup

.bev_excpt      0xbd000380       0x10
 *(.bev_handler)
 .bev_handler   0xbd000380       0x10 c:/program files (x86)/microchip/xc32/v1.44/bin/bin/../../lib/gcc/pic32mx/4.8.3/../../../../pic32mx/lib/./proc/32MX320F128H/crt0_mips32r2.o

.dbg_excpt      0xbd000480        0x0
                0xbd000480                . = (. + DEFINED (_DEBUGGER)?0x8:0x0)

.dbg_code       0xbfc02000        0x0
                0xbfc02000                . = (. + DEFINED (_DEBUGGER)?_DBG_CODE_SIZE:0x0)

.app_excpt      0x9d001180       0x10
 *(.gen_handler)
 .gen_handler   0x9d001180       0x10 c:/program files (x86)/microchip/xc32/v1.44/bin/bin/../../lib/gcc/pic32mx/4.8.3/../../../../pic32mx/lib/./proc/32MX320F128H/crt0_mips32r2.o

.vector_0       0x9d001200        0x8
 *(.vector_0)
 .vector_0      0x9d001200        0x8 c:/program files (x86)/microchip/xc32/v1.44/bin/bin/../../lib/gcc/pic32mx/4.8.3/../../../../pic32mx/lib\libpic32.a(vector0.o)
                0x9d001200                __vector_dispatch_0
                0x00000001                ASSERT (((_vector_spacing == 0x0) || (SIZEOF (.vector_0) <= (_vector_spacing << 0x5))), function at exception vector 0 too large)

.vector_1       0x9d001220        0x8
 *(.vector_1)
 .vector_1      0x9d001220        0x8 c:/program files (x86)/microchip/xc32/v1.44/bin/bin/../../lib/gcc/pic32mx/4.8.3/../../../../pic32mx/lib\libpic32.a(vector1.o)
                0x9d001220                __vector_dispatch_1
                0x00000001                ASSERT (((_vector_spacing == 0x0) || (SIZEOF (.vector_1) <= (_vector_spacing << 0x5))), function at exception vector 1 too large)

.vector_2       0x9d001240        0x8
 *(.vector_2)
 .vector_2      0x9d001240        0x8 c:/program files (x86)/microchip/xc32/v1.44/bin/bin/../../lib/gcc/pic32mx/4.8.3/../../../../pic32mx/lib\libpic32.a(vector2.o)
                0x9d001240                __vector_dispatch_2
                0x00000001                ASSERT (((_vector_spacing == 0x0) || (SIZEOF (.vector_2) <= (_vector_spacing << 0x5))), function at exception vector 2 too large)

.vector_3       0x9d001260        0x8
 *(.vector_3)
 .vector_3      0x9d001260        0x8 c:/program files (x86)/microchip/xc32/v1.44/bin/bin/../../lib/gcc/pic32mx/4.8.3/../../../../pic32mx/lib\libpic32.a(vector3.o)
                0x9d001260                __vector_dispatch_3
                0x00000001                ASSERT (((_vector_spacing == 0x0) || (SIZEOF (.vector_3) <= (_vector_spacing << 0x5))), function at exception vector 3 too large)

.vector_4       0x9d001280       0x10
 *(.vector_4)
 .vector_4      0x9d001280        0x8 build/default/production/_ext/580189257/ES_Timers.o
                0x9d001280                __vector_dispatch_4
 .vector_4      0x9d001288        0x8 build/default/production/_ext/580189257/ES_Timers.o
                0x00000001                ASSERT (((_vector_spacing == 0x0) || (SIZEOF (.vector_4) <= (_vector_spacing << 0x5))), function at exception vector 4 too large)

.vector_5       0x9d0012a0        0x8
 *(.vector_5)
 .vector_5      0x9d0012a0        0x8 c:/program files (x86)/microchip/xc32/v1.44/bin/bin/../../lib/gcc/pic32mx/4.8.3/../../../../pic32mx/lib\libpic32.a(vector5.o)
                0x9d0012a0                __vector_dispatch_5
                0x00000001                ASSERT (((_vector_spacing == 0x0) || (SIZEOF (.vector_5) <= (_vector_spacing << 0x5))), function at exception vector 5 too large)

.vector_6       0x9d0012c0        0x8
 *(.vector_6)
 .vector_6      0x9d0012c0        0x8 c:/program files (x86)/microchip/xc32/v1.44/bin/bin/../../lib/gcc/pic32mx/4.8.3/../../../../pic32mx/lib\libpic32.a(vector6.o)
                0x9d0012c0                __vector_dispatch_6
                0x00000001                ASSERT (((_vector_spacing == 0x0) || (SIZEOF (.vector_6) <= (_vector_spacing << 0x5))), function at exception vector 6 too large)

.vector_7       0x9d0012e0        0x8
 *(.vector_7)
 .vector_7      0x9d0012e0        0x8 c:/program files (x86)/microchip/xc32/v1.44/bin/bin/../../lib/gcc/pic32mx/4.8.3/../../../../pic32mx/lib\libpic32.a(vector7.o)
                0x9d0012e0                __vector_dispatch_7
                0x00000001                ASSERT (((_vector_spacing == 0x0) || (SIZEOF (.vector_7) <= (_vector_spacing << 0x5))), function at exception vector 7 too large)

.vector_8       0x9d001300        0x8
 *(.vector_8)
 .vector_8      0x9d001300        0x8 c:/program files (x86)/microchip/xc32/v1.44/bin/bin/../../lib/gcc/pic32mx/4.8.3/../../../../pic32mx/lib\libpic32.a(vector8.o)
                0x9d001300                __vector_dispatch_8
                0x00000001                ASSERT (((_vector_spacing == 0x0) || (SIZEOF (.vector_8) <= (_vector_spacing << 0x5))), function at exception vector 8 too large)

.vector_9       0x9d001320        0x8
 *(.vector_9)
 .vector_9      0x9d001320        0x8 c:/program files (x86)/microchip/xc32/v1.44/bin/bin/../../lib/gcc/pic32mx/4.8.3/../../../../pic32mx/lib\libpic32.a(vector9.o)
                0x9d001320                __vector_dispatch_9
                0x00000001                ASSERT (((_vector_spacing == 0x0) || (SIZEOF (.vector_9) <= (_vector_spacing << 0x5))), function at exception vector 9 too large)

.vector_10      0x9d001340        0x8
 *(.vector_10)
 .vector_10     0x9d001340        0x8 c:/program files (x86)/microchip/xc32/v1.44/bin/bin/../../lib/gcc/pic32mx/4.8.3/../../../../pic32mx/lib\libpic32.a(vector10.o)
                0x9d001340                __vector_dispatch_10
                0x00000001                ASSERT (((_vector_spacing == 0x0) || (SIZEOF (.vector_10) <= (_vector_spacing << 0x5))), function at exception vector 10 too large)

.vector_11      0x9d001360        0x8
 *(.vector_11)
 .vector_11     0x9d001360        0x8 c:/program files (x86)/microchip/xc32/v1.44/bin/bin/../../lib/gcc/pic32mx/4.8.3/../../../../pic32mx/lib\libpic32.a(vector11.o)
                0x9d001360                __vector_dispatch_11
                0x00000001                ASSERT (((_vector_spacing == 0x0) || (SIZEOF (.vector_11) <= (_vector_spacing << 0x5))), function at exception vector 11 too large)

.vector_12      0x9d001380        0x8
 *(.vector_12)
 .vector_12     0x9d001380        0x8 c:/program files (x86)/microchip/xc32/v1.44/bin/bin/../../lib/gcc/pic32mx/4.8.3/../../../../pic32mx/lib\libpic32.a(vector12.o)
                0x9d001380                __vector_dispatch_12
                0x00000001                ASSERT (((_vector_spacing == 0x0) || (SIZEOF (.vector_12) <= (_vector_spacing << 0x5))), function at exception vector 12 too large)

.vector_13      0x9d0013a0        0x8
 *(.vector_13)
 .vector_13     0x9d0013a0        0x8 c:/program files (x86)/microchip/xc32/v1.44/bin/bin/../../lib/gcc/pic32mx/4.8.3/../../../../pic32mx/lib\libpic32.a(vector13.o)
                0x9d0013a0                __vector_dispatch_13
                0x00000001                ASSERT (((_vector_spacing == 0x0) || (SIZEOF (.vector_13) <= (_vector_spacing << 0x5))), function at exception vector 13 too large)

.vector_14      0x9d0013c0        0x8
 *(.vector_14)
 .vector_14     0x9d0013c0        0x8 c:/program files (x86)/microchip/xc32/v1.44/bin/bin/../../lib/gcc/pic32mx/4.8.3/../../../../pic32mx/lib\libpic32.a(vector14.o)
                0x9d0013c0                __vector_dispatch_14
                0x00000001                ASSERT (((_vector_spacing == 0x0) || (SIZEOF (.vector_14) <= (_vector_spacing << 0x5))), function at exception vector 14 too large)

.vector_15      0x9d0013e0        0x8
 *(.vector_15)
 .vector_15     0x9d0013e0        0x8 c:/program files (x86)/microchip/xc32/v1.44/bin/bin/../../lib/gcc/pic32mx/4.8.3/../../../../pic32mx/lib\libpic32.a(vector15.o)
                0x9d0013e0                __vector_dispatch_15
                0x00000001                ASSERT (((_vector_spacing == 0x0) || (SIZEOF (.vector_15) <= (_vector_spacing << 0x5))), function at exception vector 15 too large)

.vector_16      0x9d001400       0x10
 *(.vector_16)
 .vector_16     0x9d001400        0x8 build/default/production/_ext/580189257/RC_Servo.o
                0x9d001400                __vector_dispatch_16
 .vector_16     0x9d001408        0x8 build/default/production/_ext/580189257/RC_Servo.o
                0x00000001                ASSERT (((_vector_spacing == 0x0) || (SIZEOF (.vector_16) <= (_vector_spacing << 0x5))), function at exception vector 16 too large)

.vector_17      0x9d001420        0x8
 *(.vector_17)
 .vector_17     0x9d001420        0x8 c:/program files (x86)/microchip/xc32/v1.44/bin/bin/../../lib/gcc/pic32mx/4.8.3/../../../../pic32mx/lib\libpic32.a(vector17.o)
                0x9d001420                __vector_dispatch_17
                0x00000001                ASSERT (((_vector_spacing == 0x0) || (SIZEOF (.vector_17) <= (_vector_spacing << 0x5))), function at exception vector 17 too large)

.vector_18      0x9d001440        0x8
 *(.vector_18)
 .vector_18     0x9d001440        0x8 c:/program files (x86)/microchip/xc32/v1.44/bin/bin/../../lib/gcc/pic32mx/4.8.3/../../../../pic32mx/lib\libpic32.a(vector18.o)
                0x9d001440                __vector_dispatch_18
                0x00000001                ASSERT (((_vector_spacing == 0x0) || (SIZEOF (.vector_18) <= (_vector_spacing << 0x5))), function at exception vector 18 too large)

.vector_19      0x9d001460        0x8
 *(.vector_19)
 .vector_19     0x9d001460        0x8 c:/program files (x86)/microchip/xc32/v1.44/bin/bin/../../lib/gcc/pic32mx/4.8.3/../../../../pic32mx/lib\libpic32.a(vector19.o)
                0x9d001460                __vector_dispatch_19
                0x00000001                ASSERT (((_vector_spacing == 0x0) || (SIZEOF (.vector_19) <= (_vector_spacing << 0x5))), function at exception vector 19 too large)

.vector_20      0x9d001480       0x10
 *(.vector_20)
 .vector_20     0x9d001480        0x8 build/default/production/_ext/331920610/timers.o
                0x9d001480                __vector_dispatch_20
 .vector_20     0x9d001488        0x8 build/default/production/_ext/331920610/timers.o
                0x00000001                ASSERT (((_vector_spacing == 0x0) || (SIZEOF (.vector_20) <= (_vector_spacing << 0x5))), function at exception vector 20 too large)

.vector_21      0x9d0014a0        0x8
 *(.vector_21)
 .vector_21     0x9d0014a0        0x8 c:/program files (x86)/microchip/xc32/v1.44/bin/bin/../../lib/gcc/pic32mx/4.8.3/../../../../pic32mx/lib\libpic32.a(vector21.o)
                0x9d0014a0                __vector_dispatch_21
                0x00000001                ASSERT (((_vector_spacing == 0x0) || (SIZEOF (.vector_21) <= (_vector_spacing << 0x5))), function at exception vector 21 too large)

.vector_22      0x9d0014c0        0x8
 *(.vector_22)
 .vector_22     0x9d0014c0        0x8 c:/program files (x86)/microchip/xc32/v1.44/bin/bin/../../lib/gcc/pic32mx/4.8.3/../../../../pic32mx/lib\libpic32.a(vector22.o)
                0x9d0014c0                __vector_dispatch_22
                0x00000001                ASSERT (((_vector_spacing == 0x0) || (SIZEOF (.vector_22) <= (_vector_spacing << 0x5))), function at exception vector 22 too large)

.vector_23      0x9d0014e0        0x8
 *(.vector_23)
 .vector_23     0x9d0014e0        0x8 c:/program files (x86)/microchip/xc32/v1.44/bin/bin/../../lib/gcc/pic32mx/4.8.3/../../../../pic32mx/lib\libpic32.a(vector23.o)
                0x9d0014e0                __vector_dispatch_23
                0x00000001                ASSERT (((_vector_spacing == 0x0) || (SIZEOF (.vector_23) <= (_vector_spacing << 0x5))), function at exception vector 23 too large)

.vector_24      0x9d001500       0x10
 *(.vector_24)
 .vector_24     0x9d001500        0x8 build/default/production/_ext/331920610/serial.o
                0x9d001500                __vector_dispatch_24
 .vector_24     0x9d001508        0x8 build/default/production/_ext/331920610/serial.o
                0x00000001                ASSERT (((_vector_spacing == 0x0) || (SIZEOF (.vector_24) <= (_vector_spacing << 0x5))), function at exception vector 24 too large)

.vector_25      0x9d001520        0x8
 *(.vector_25)
 .vector_25     0x9d001520        0x8 c:/program files (x86)/microchip/xc32/v1.44/bin/bin/../../lib/gcc/pic32mx/4.8.3/../../../../pic32mx/lib\libpic32.a(vector25.o)
                0x9d001520                __vector_dispatch_25
                0x00000001                ASSERT (((_vector_spacing == 0x0) || (SIZEOF (.vector_25) <= (_vector_spacing << 0x5))), function at exception vector 25 too large)

.vector_26      0x9d001540        0x8
 *(.vector_26)
 .vector_26     0x9d001540        0x8 c:/program files (x86)/microchip/xc32/v1.44/bin/bin/../../lib/gcc/pic32mx/4.8.3/../../../../pic32mx/lib\libpic32.a(vector26.o)
                0x9d001540                __vector_dispatch_26
                0x00000001                ASSERT (((_vector_spacing == 0x0) || (SIZEOF (.vector_26) <= (_vector_spacing << 0x5))), function at exception vector 26 too large)

.vector_27      0x9d001560       0x10
 *(.vector_27)
 .vector_27     0x9d001560        0x8 build/default/production/_ext/331920610/AD.o
                0x9d001560                __vector_dispatch_27
 .vector_27     0x9d001568        0x8 build/default/production/_ext/331920610/AD.o
                0x00000001                ASSERT (((_vector_spacing == 0x0) || (SIZEOF (.vector_27) <= (_vector_spacing << 0x5))), function at exception vector 27 too large)

.vector_28      0x9d001580        0x8
 *(.vector_28)
 .vector_28     0x9d001580        0x8 c:/program files (x86)/microchip/xc32/v1.44/bin/bin/../../lib/gcc/pic32mx/4.8.3/../../../../pic32mx/lib\libpic32.a(vector28.o)
                0x9d001580                __vector_dispatch_28
                0x00000001                ASSERT (((_vector_spacing == 0x0) || (SIZEOF (.vector_28) <= (_vector_spacing << 0x5))), function at exception vector 28 too large)

.vector_29      0x9d0015a0        0x8
 *(.vector_29)
 .vector_29     0x9d0015a0        0x8 c:/program files (x86)/microchip/xc32/v1.44/bin/bin/../../lib/gcc/pic32mx/4.8.3/../../../../pic32mx/lib\libpic32.a(vector29.o)
                0x9d0015a0                __vector_dispatch_29
                0x00000001                ASSERT (((_vector_spacing == 0x0) || (SIZEOF (.vector_29) <= (_vector_spacing << 0x5))), function at exception vector 29 too large)

.vector_30      0x9d0015c0        0x8
 *(.vector_30)
 .vector_30     0x9d0015c0        0x8 c:/program files (x86)/microchip/xc32/v1.44/bin/bin/../../lib/gcc/pic32mx/4.8.3/../../../../pic32mx/lib\libpic32.a(vector30.o)
                0x9d0015c0                __vector_dispatch_30
                0x00000001                ASSERT (((_vector_spacing == 0x0) || (SIZEOF (.vector_30) <= (_vector_spacing << 0x5))), function at exception vector 30 too large)

.vector_31      0x9d0015e0        0x8
 *(.vector_31)
 .vector_31     0x9d0015e0        0x8 c:/program files (x86)/microchip/xc32/v1.44/bin/bin/../../lib/gcc/pic32mx/4.8.3/../../../../pic32mx/lib\libpic32.a(vector31.o)
                0x9d0015e0                __vector_dispatch_31
                0x00000001                ASSERT (((_vector_spacing == 0x0) || (SIZEOF (.vector_31) <= (_vector_spacing << 0x5))), function at exception vector 31 too large)

.vector_32      0x9d001600        0x8
 *(.vector_32)
 .vector_32     0x9d001600        0x8 c:/program files (x86)/microchip/xc32/v1.44/bin/bin/../../lib/gcc/pic32mx/4.8.3/../../../../pic32mx/lib\libpic32.a(vector32.o)
                0x9d001600                __vector_dispatch_32
                0x00000001                ASSERT (((_vector_spacing == 0x0) || (SIZEOF (.vector_32) <= (_vector_spacing << 0x5))), function at exception vector 32 too large)

.vector_33      0x9d001620        0x8
 *(.vector_33)
 .vector_33     0x9d001620        0x8 c:/program files (x86)/microchip/xc32/v1.44/bin/bin/../../lib/gcc/pic32mx/4.8.3/../../../../pic32mx/lib\libpic32.a(vector33.o)
                0x9d001620                __vector_dispatch_33
                0x00000001                ASSERT (((_vector_spacing == 0x0) || (SIZEOF (.vector_33) <= (_vector_spacing << 0x5))), function at exception vector 33 too large)

.vector_34      0x9d001640        0x8
 *(.vector_34)
 .vector_34     0x9d001640        0x8 c:/program files (x86)/microchip/xc32/v1.44/bin/bin/../../lib/gcc/pic32mx/4.8.3/../../../../pic32mx/lib\libpic32.a(vector34.o)
                0x9d001640                __vector_dispatch_34
                0x00000001                ASSERT (((_vector_spacing == 0x0) || (SIZEOF (.vector_34) <= (_vector_spacing << 0x5))), function at exception vector 34 too large)

.vector_35      0x9d001660        0x8
 *(.vector_35)
 .vector_35     0x9d001660        0x8 c:/program files (x86)/microchip/xc32/v1.44/bin/bin/../../lib/gcc/pic32mx/4.8.3/../../../../pic32mx/lib\libpic32.a(vector35.o)
                0x9d001660                __vector_dispatch_35
                0x00000001                ASSERT (((_vector_spacing == 0x0) || (SIZEOF (.vector_35) <= (_vector_spacing << 0x5))), function at exception vector 35 too large)

.vector_36      0x9d001680        0x8
 *(.vector_36)
 .vector_36     0x9d001680        0x8 c:/program files (x86)/microchip/xc32/v1.44/bin/bin/../../lib/gcc/pic32mx/4.8.3/../../../../pic32mx/lib\libpic32.a(vector36.o)
                0x9d001680                __vector_dispatch_36
                0x00000001                ASSERT (((_vector_spacing == 0x0) || (SIZEOF (.vector_36) <= (_vector_spacing << 0x5))), function at exception vector 36 too large)

.vector_37      0x9d0016a0        0x8
 *(.vector_37)
 .vector_37     0x9d0016a0        0x8 c:/program files (x86)/microchip/xc32/v1.44/bin/bin/../../lib/gcc/pic32mx/4.8.3/../../../../pic32mx/lib\libpic32.a(vector37.o)
                0x9d0016a0                __vector_dispatch_37
                0x00000001                ASSERT (((_vector_spacing == 0x0) || (SIZEOF (.vector_37) <= (_vector_spacing << 0x5))), function at exception vector 37 too large)

.vector_38      0x9d0016c0        0x8
 *(.vector_38)
 .vector_38     0x9d0016c0        0x8 c:/program files (x86)/microchip/xc32/v1.44/bin/bin/../../lib/gcc/pic32mx/4.8.3/../../../../pic32mx/lib\libpic32.a(vector38.o)
                0x9d0016c0                __vector_dispatch_38
                0x00000001                ASSERT (((_vector_spacing == 0x0) || (SIZEOF (.vector_38) <= (_vector_spacing << 0x5))), function at exception vector 38 too large)

.vector_39      0x9d0016e0        0x8
 *(.vector_39)
 .vector_39     0x9d0016e0        0x8 c:/program files (x86)/microchip/xc32/v1.44/bin/bin/../../lib/gcc/pic32mx/4.8.3/../../../../pic32mx/lib\libpic32.a(vector39.o)
                0x9d0016e0                __vector_dispatch_39
                0x00000001                ASSERT (((_vector_spacing == 0x0) || (SIZEOF (.vector_39) <= (_vector_spacing << 0x5))), function at exception vector 39 too large)

.vector_40      0x9d001700        0x8
 *(.vector_40)
 .vector_40     0x9d001700        0x8 c:/program files (x86)/microchip/xc32/v1.44/bin/bin/../../lib/gcc/pic32mx/4.8.3/../../../../pic32mx/lib\libpic32.a(vector40.o)
                0x9d001700                __vector_dispatch_40
                0x00000001                ASSERT (((_vector_spacing == 0x0) || (SIZEOF (.vector_40) <= (_vector_spacing << 0x5))), function at exception vector 40 too large)

.vector_41      0x9d001720        0x8
 *(.vector_41)
 .vector_41     0x9d001720        0x8 c:/program files (x86)/microchip/xc32/v1.44/bin/bin/../../lib/gcc/pic32mx/4.8.3/../../../../pic32mx/lib\libpic32.a(vector41.o)
                0x9d001720                __vector_dispatch_41
                0x00000001                ASSERT (((_vector_spacing == 0x0) || (SIZEOF (.vector_41) <= (_vector_spacing << 0x5))), function at exception vector 41 too large)

.vector_42      0x9d001740        0x8
 *(.vector_42)
 .vector_42     0x9d001740        0x8 c:/program files (x86)/microchip/xc32/v1.44/bin/bin/../../lib/gcc/pic32mx/4.8.3/../../../../pic32mx/lib\libpic32.a(vector42.o)
                0x9d001740                __vector_dispatch_42
                0x00000001                ASSERT (((_vector_spacing == 0x0) || (SIZEOF (.vector_42) <= (_vector_spacing << 0x5))), function at exception vector 42 too large)

.vector_43      0x9d001760        0x8
 *(.vector_43)
 .vector_43     0x9d001760        0x8 c:/program files (x86)/microchip/xc32/v1.44/bin/bin/../../lib/gcc/pic32mx/4.8.3/../../../../pic32mx/lib\libpic32.a(vector43.o)
                0x9d001760                __vector_dispatch_43
                0x00000001                ASSERT (((_vector_spacing == 0x0) || (SIZEOF (.vector_43) <= (_vector_spacing << 0x5))), function at exception vector 43 too large)

.vector_44      0x9d001780        0x8
 *(.vector_44)
 .vector_44     0x9d001780        0x8 c:/program files (x86)/microchip/xc32/v1.44/bin/bin/../../lib/gcc/pic32mx/4.8.3/../../../../pic32mx/lib\libpic32.a(vector44.o)
                0x9d001780                __vector_dispatch_44
                0x00000001                ASSERT (((_vector_spacing == 0x0) || (SIZEOF (.vector_44) <= (_vector_spacing << 0x5))), function at exception vector 44 too large)

.vector_45      0x9d0017a0        0x0
 *(.vector_45)
                0x00000001                ASSERT (((_vector_spacing == 0x0) || (SIZEOF (.vector_45) <= (_vector_spacing << 0x5))), function at exception vector 45 too large)

.vector_46      0x9d0017c0        0x0
 *(.vector_46)
                0x00000001                ASSERT (((_vector_spacing == 0x0) || (SIZEOF (.vector_46) <= (_vector_spacing << 0x5))), function at exception vector 46 too large)

.vector_47      0x9d0017e0        0x0
 *(.vector_47)
                0x00000001                ASSERT (((_vector_spacing == 0x0) || (SIZEOF (.vector_47) <= (_vector_spacing << 0x5))), function at exception vector 47 too large)

.vector_48      0x9d001800        0x0
 *(.vector_48)
                0x00000001                ASSERT (((_vector_spacing == 0x0) || (SIZEOF (.vector_48) <= (_vector_spacing << 0x5))), function at exception vector 48 too large)

.vector_49      0x9d001820        0x0
 *(.vector_49)
                0x00000001                ASSERT (((_vector_spacing == 0x0) || (SIZEOF (.vector_49) <= (_vector_spacing << 0x5))), function at exception vector 49 too large)

.vector_50      0x9d001840        0x0
 *(.vector_50)
                0x00000001                ASSERT (((_vector_spacing == 0x0) || (SIZEOF (.vector_50) <= (_vector_spacing << 0x5))), function at exception vector 50 too large)

.vector_51      0x9d001860        0x0
 *(.vector_51)
                0x00000001                ASSERT (((_vector_spacing == 0x0) || (SIZEOF (.vector_51) <= (_vector_spacing << 0x5))), function at exception vector 51 too large)

.vector_52      0x9d001880        0x0
 *(.vector_52)
                0x00000001                ASSERT (((_vector_spacing == 0x0) || (SIZEOF (.vector_52) <= (_vector_spacing << 0x5))), function at exception vector 52 too large)

.vector_53      0x9d0018a0        0x0
 *(.vector_53)
                0x00000001                ASSERT (((_vector_spacing == 0x0) || (SIZEOF (.vector_53) <= (_vector_spacing << 0x5))), function at exception vector 53 too large)

.vector_54      0x9d0018c0        0x0
 *(.vector_54)
                0x00000001                ASSERT (((_vector_spacing == 0x0) || (SIZEOF (.vector_54) <= (_vector_spacing << 0x5))), function at exception vector 54 too large)

.vector_55      0x9d0018e0        0x0
 *(.vector_55)
                0x00000001                ASSERT (((_vector_spacing == 0x0) || (SIZEOF (.vector_55) <= (_vector_spacing << 0x5))), function at exception vector 55 too large)

.vector_56      0x9d001900        0x0
 *(.vector_56)
                0x00000001                ASSERT (((_vector_spacing == 0x0) || (SIZEOF (.vector_56) <= (_vector_spacing << 0x5))), function at exception vector 56 too large)

.vector_57      0x9d001920        0x0
 *(.vector_57)
                0x00000001                ASSERT (((_vector_spacing == 0x0) || (SIZEOF (.vector_57) <= (_vector_spacing << 0x5))), function at exception vector 57 too large)

.vector_58      0x9d001940        0x0
 *(.vector_58)
                0x00000001                ASSERT (((_vector_spacing == 0x0) || (SIZEOF (.vector_58) <= (_vector_spacing << 0x5))), function at exception vector 58 too large)

.vector_59      0x9d001960        0x0
 *(.vector_59)
                0x00000001                ASSERT (((_vector_spacing == 0x0) || (SIZEOF (.vector_59) <= (_vector_spacing << 0x5))), function at exception vector 59 too large)

.vector_60      0x9d001980        0x0
 *(.vector_60)
                0x00000001                ASSERT (((_vector_spacing == 0x0) || (SIZEOF (.vector_60) <= (_vector_spacing << 0x5))), function at exception vector 60 too large)

.vector_61      0x9d0019a0        0x0
 *(.vector_61)
                0x00000001                ASSERT (((_vector_spacing == 0x0) || (SIZEOF (.vector_61) <= (_vector_spacing << 0x5))), function at exception vector 61 too large)

.vector_62      0x9d0019c0        0x0
 *(.vector_62)
                0x00000001                ASSERT (((_vector_spacing == 0x0) || (SIZEOF (.vector_62) <= (_vector_spacing << 0x5))), function at exception vector 62 too large)

.vector_63      0x9d0019e0        0x0
 *(.vector_63)
                0x00000001                ASSERT (((_vector_spacing == 0x0) || (SIZEOF (.vector_63) <= (_vector_spacing << 0x5))), function at exception vector 63 too large)

.startup
 *(.startup)

.text           0x9d002000        0x0
 *(.stub .gnu.linkonce.t.*)
 *(.text.*personality*)
 *(.mips16.fn.*)
 *(.mips16.call.*)
 *(.gnu.warning)
                0x9d002000                . = ALIGN (0x4)

.init           0x9d002000        0x0
 *crti.o(.init)
 *crtbegin.o(.init)
 *(EXCLUDE_FILE(*crtn.o *crtend?.o *crtend.o) .init)
 *crtend.o(.init)
 *crtn.o(.init)
                0x9d002000                . = ALIGN (0x4)

.fini           0x9d002000        0x0
 *(.fini)
                0x9d002000                . = ALIGN (0x4)

.preinit_array  0x9d002000        0x0
                0x9d002000                PROVIDE (__preinit_array_start, .)
 *(.preinit_array)
                0x9d002000                PROVIDE (__preinit_array_end, .)
                0x9d002000                . = ALIGN (0x4)

.init_array     0x9d002000        0x0
                0x9d002000                PROVIDE (__init_array_start, .)
 *(SORT(.init_array.*))
 *(.init_array)
                0x9d002000                PROVIDE (__init_array_end, .)
                0x9d002000                . = ALIGN (0x4)

.fini_array     0x9d002000        0x0
                0x9d002000                PROVIDE (__fini_array_start, .)
 *(SORT(.fini_array.*))
 *(.fini_array)
                0x9d002000                PROVIDE (__fini_array_end, .)
                0x9d002000                . = ALIGN (0x4)

.ctors          0x9d002000        0x0
 *crtbegin.o(.ctors)
 *crtbegin?.o(.ctors)
 *(EXCLUDE_FILE(*crtend?.o *crtend.o) .ctors)
 *(SORT(.ctors.*))
 *(.ctors)
                0x9d002000                . = ALIGN (0x4)

.dtors          0x9d002000        0x0
 *crtbegin.o(.dtors)
 *crtbegin?.o(.dtors)
 *(EXCLUDE_FILE(*crtend?.o *crtend.o) .dtors)
 *(SORT(.dtors.*))
 *(.dtors)
                0x9d002000                . = ALIGN (0x4)

.rodata         0x9d002000        0x0
 *(.gnu.linkonce.r.*)
 *(.rodata1)
                0x9d002000                . = ALIGN (0x4)

.sdata2         0x9d000490        0x0
 *(.sdata2 .sdata2.* .gnu.linkonce.s2.*)
                0x9d000490                . = ALIGN (0x4)

.sbss2          0x9d000490        0x0
 *(.sbss2 .sbss2.* .gnu.linkonce.sb2.*)
                0x9d000490                . = ALIGN (0x4)

.eh_frame_hdr
 *(.eh_frame_hdr)
                0x9d000490                . = ALIGN (0x4)

.eh_frame
 *(.eh_frame)
                0x9d000490                . = ALIGN (0x4)

.gcc_except_table
 *(.gcc_except_table .gcc_except_table.*)
                0x9d000490                . = ALIGN (0x4)

.dbg_data       0xa0000000        0x0
                0xa0000000                . = (. + DEFINED (_DEBUGGER)?0x200:0x0)

.jcr            0xa0000000        0x0
 *(.jcr)
                0xa0000000                . = ALIGN (0x4)

.eh_frame
 *(.eh_frame)
                0xa0000000                . = ALIGN (0x4)

.gcc_except_table
 *(.gcc_except_table .gcc_except_table.*)
                0xa0000000                . = ALIGN (0x4)

.persist        0xa0000000        0x0
                0xa0000000                _persist_begin = .
 *(.persist .persist.*)
 *(.pbss .pbss.*)
                0xa0000000                . = ALIGN (0x4)
                0xa0000000                _persist_end = .

.data           0xa0000000        0x0
 *(.gnu.linkonce.d.*)
 *(.data1)
                0xa0000000                . = ALIGN (0x4)
                0xa0000000                . = .
                0xa0007ff0                _gp = (ALIGN (0x10) + 0x7ff0)

.got            0xa0000000        0x0
 *(.got.plt)
 *(.got)
                0xa0000000                . = ALIGN (0x4)

.sdata          0xa0000000       0x3c
                0xa0000000                _sdata_begin = .
 *(.sdata .sdata.* .gnu.linkonce.s.*)
 .sdata         0xa0000000        0x4 build/default/production/_ext/331920610/AD.o
 .sdata         0xa0000004        0x4 build/default/production/_ext/580189257/BeaconEventChecker.o
 .sdata         0xa0000008        0x4 build/default/production/_ext/580189257/BumpEventChecker.o
 .sdata         0xa000000c        0x8 build/default/production/_ext/580189257/RC_Servo.o
 .sdata         0xa0000014        0x4 build/default/production/_ext/580189257/CornerTapeEventChecker.o
 .sdata         0xa0000018        0x4 build/default/production/_ext/580189257/TapeEventChecker.o
 .sdata         0xa000001c        0x8 build/default/production/_ext/580189257/TrackWireEventChecker.o
 .sdata         0xa0000024        0x4 build/default/production/_ext/580189257/RenShipTapeEventChecker.o
 .sdata         0xa0000028        0x4 build/default/production/_ext/580189257/KillCountEventChecker.o
 .sdata         0xa000002c        0x8 build/default/production/_ext/580189257/RC_Servo.o
 .sdata         0xa0000034        0x4 build/default/production/_ext/331920610/AD.o
 .sdata         0xa0000038        0x4 c:/program files (x86)/microchip/xc32/v1.44/bin/bin/../../lib/gcc/pic32mx/4.8.3/../../../../pic32mx/lib\liblega-c.a(_iobdata.o)
                0xa0000038                _libc_data
                0xa000003c                . = ALIGN (0x4)
                0xa000003c                _sdata_end = .

.lit8
 *(.lit8)

.lit4
 *(.lit4)
                0xa000003c                . = ALIGN (0x4)
                0xa000003c                _data_end = .
                0xa000003c                _bss_begin = .

.sbss           0xa000003c      0x170
                0xa000003c                _sbss_begin = .
 *(.dynsbss)
 *(.sbss .sbss.* .gnu.linkonce.sb.*)
 .sbss          0xa000003c       0x24 build/default/production/_ext/331920610/AD.o
 .sbss          0xa0000060        0x2 build/default/production/_ext/331920610/LED.o
 *fill*         0xa0000062        0x2 
 .sbss          0xa0000064        0xc build/default/production/_ext/331920610/pwm.o
 .sbss          0xa0000070        0x4 build/default/production/_ext/331920610/serial.o
 .sbss          0xa0000074        0xc build/default/production/_ext/331920610/timers.o
 .sbss          0xa0000080        0x8 build/default/production/_ext/580189257/ES_Framework.o
 .sbss          0xa0000088        0x1 build/default/production/_ext/580189257/ES_KeyboardInput.o
 .sbss          0xa0000089        0x4 build/default/production/_ext/580189257/ES_TattleTale.o
 *fill*         0xa000008d        0x3 
 .sbss          0xa0000090       0x30 build/default/production/_ext/580189257/ES_Timers.o
 .sbss          0xa00000c0        0x8 build/default/production/_ext/580189257/TopLevelHSM.o
 .sbss          0xa00000c8        0x8 build/default/production/_ext/580189257/SubSearchingHSM.o
 .sbss          0xa00000d0        0x8 build/default/production/_ext/580189257/SubOrientationHSM.o
 .sbss          0xa00000d8       0x14 build/default/production/_ext/580189257/RC_Servo.o
                0xa00000d8                RCenabled
 .sbss          0xa00000ec       0x10 build/default/production/_ext/580189257/TrackWireEventChecker.o
 .sbss          0xa00000fc        0x8 build/default/production/_ext/580189257/SubEngagingHSM.o
 .sbss          0xa0000104        0x2 build/default/production/_ext/331920610/LED.o
 *fill*         0xa0000106        0x2 
 .sbss          0xa0000108        0xc build/default/production/_ext/331920610/pwm.o
 .sbss          0xa0000114       0x14 build/default/production/_ext/580189257/RC_Servo.o
 .sbss          0xa0000128        0x4 build/default/production/_ext/331920610/serial.o
 .sbss          0xa000012c        0xc build/default/production/_ext/331920610/timers.o
 .sbss          0xa0000138        0x8 build/default/production/_ext/580189257/ES_Framework.o
 .sbss          0xa0000140        0x1 build/default/production/_ext/580189257/ES_KeyboardInput.o
 *fill*         0xa0000141        0x3 
 .sbss          0xa0000144       0x30 build/default/production/_ext/580189257/ES_Timers.o
 .sbss          0xa0000174        0x4 build/default/production/_ext/580189257/ES_TattleTale.o
 .sbss          0xa0000178       0x24 build/default/production/_ext/331920610/AD.o
 .sbss          0xa000019c        0x4 c:/program files (x86)/microchip/xc32/v1.44/bin/bin/../../lib/gcc/pic32mx/4.8.3/../../../../pic32mx/lib\liblega-c.a(errno.o)
                0xa000019c                errno
 *(.scommon)
 .scommon       0xa00001a0        0x8 build/default/production/_ext/331920610/serial.o
                0xa00001a0                transmitBuffer
                0xa00001a4                receiveBuffer
 .scommon       0xa00001a8        0x1 build/default/production/_ext/580189257/ES_Framework.o
                0xa00001a8                Ready
 .scommon       0xa00001a9        0x0 build/default/production/_ext/331920610/serial.o
 .scommon       0xa00001a9        0x0 build/default/production/_ext/580189257/ES_Framework.o
                0xa00001a9                _sbss_end = .
                0xa00001ac                . = ALIGN (0x4)
 *fill*         0xa00001a9        0x3 

.bss            0xa00001ac      0x420
 *(.dynbss)
 *(COMMON)
 COMMON         0xa00001ac      0x420 build/default/production/_ext/331920610/serial.o
                0xa00001ac                outgoingUart
                0xa00003bc                incomingUart
                0xa00005cc                . = ALIGN ((. != 0x0)?0x4:0x1)
                0xa00005cc                . = ALIGN (0x4)
                0xa00005cc                _end = .
                0xa00005cc                _bss_end = .
                0x00004000                _bmxdudba_address = 0x4000
                0x00004000                _bmxdupba_address = 0x4000

/DISCARD/
 *(.pdr)
 *(.rel.dyn)
 *(.note.GNU-stack)
 *(.note.GNU-stack)
 *(.gnu_debuglink)
 *(.gnu.lto_*)
 *(.discard)

.gptab.sdata
 *(.gptab.data)
 *(.gptab.sdata)

.gptab.sbss
 *(.gptab.bss)
 *(.gptab.sbss)

.mdebug.abi32   0xa00005cc        0x0
 *(.mdebug.abi32)
 .mdebug.abi32  0xa00005cc        0x0 build/default/production/_ext/331920610/AD.o
 .mdebug.abi32  0xa00005cc        0x0 build/default/production/_ext/331920610/BOARD.o
 .mdebug.abi32  0xa00005cc        0x0 build/default/production/_ext/331920610/IO_Ports.o
 .mdebug.abi32  0xa00005cc        0x0 build/default/production/_ext/331920610/LED.o
 .mdebug.abi32  0xa00005cc        0x0 build/default/production/_ext/331920610/pwm.o
 .mdebug.abi32  0xa00005cc        0x0 build/default/production/_ext/331920610/serial.o
 .mdebug.abi32  0xa00005cc        0x0 build/default/production/_ext/331920610/timers.o
 .mdebug.abi32  0xa00005cc        0x0 build/default/production/_ext/580189257/ES_CheckEvents.o
 .mdebug.abi32  0xa00005cc        0x0 build/default/production/_ext/580189257/ES_Framework.o
 .mdebug.abi32  0xa00005cc        0x0 build/default/production/_ext/580189257/ES_KeyboardInput.o
 .mdebug.abi32  0xa00005cc        0x0 build/default/production/_ext/580189257/ES_PostList.o
 .mdebug.abi32  0xa00005cc        0x0 build/default/production/_ext/580189257/ES_Queue.o
 .mdebug.abi32  0xa00005cc        0x0 build/default/production/_ext/580189257/ES_TattleTale.o
 .mdebug.abi32  0xa00005cc        0x0 build/default/production/_ext/580189257/ES_Timers.o
 .mdebug.abi32  0xa00005cc        0x0 build/default/production/_ext/580189257/ES_Main.o
 .mdebug.abi32  0xa00005cc        0x0 build/default/production/_ext/580189257/TopLevelHSM.o
 .mdebug.abi32  0xa00005cc        0x0 build/default/production/_ext/580189257/SubSearchingHSM.o
 .mdebug.abi32  0xa00005cc        0x0 build/default/production/_ext/580189257/SubOrientationHSM.o
 .mdebug.abi32  0xa00005cc        0x0 build/default/production/_ext/580189257/BeaconEventChecker.o
 .mdebug.abi32  0xa00005cc        0x0 build/default/production/_ext/580189257/BumpEventChecker.o
 .mdebug.abi32  0xa00005cc        0x0 build/default/production/_ext/580189257/motor_drivers.o
 .mdebug.abi32  0xa00005cc        0x0 build/default/production/_ext/580189257/RC_Servo.o
 .mdebug.abi32  0xa00005cc        0x0 build/default/production/_ext/580189257/CornerTapeEventChecker.o
 .mdebug.abi32  0xa00005cc        0x0 build/default/production/_ext/580189257/TapeEventChecker.o
 .mdebug.abi32  0xa00005cc        0x0 build/default/production/_ext/580189257/TrackWireEventChecker.o
 .mdebug.abi32  0xa00005cc        0x0 build/default/production/_ext/580189257/RenShipTapeEventChecker.o
 .mdebug.abi32  0xa00005cc        0x0 build/default/production/_ext/580189257/KillCountEventChecker.o
 .mdebug.abi32  0xa00005cc        0x0 build/default/production/_ext/580189257/SubEngagingHSM.o
 .mdebug.abi32  0xa00005cc        0x0 build/default/production/_ext/331920610/IO_Ports.o
 .mdebug.abi32  0xa00005cc        0x0 build/default/production/_ext/331920610/LED.o
 .mdebug.abi32  0xa00005cc        0x0 build/default/production/_ext/331920610/pwm.o
 .mdebug.abi32  0xa00005cc        0x0 build/default/production/_ext/580189257/RC_Servo.o
 .mdebug.abi32  0xa00005cc        0x0 build/default/production/_ext/331920610/serial.o
 .mdebug.abi32  0xa00005cc        0x0 build/default/production/_ext/331920610/timers.o
 .mdebug.abi32  0xa00005cc        0x0 build/default/production/_ext/580189257/ES_CheckEvents.o
 .mdebug.abi32  0xa00005cc        0x0 build/default/production/_ext/580189257/ES_Framework.o
 .mdebug.abi32  0xa00005cc        0x0 build/default/production/_ext/580189257/ES_KeyboardInput.o
 .mdebug.abi32  0xa00005cc        0x0 build/default/production/_ext/580189257/ES_PostList.o
 .mdebug.abi32  0xa00005cc        0x0 build/default/production/_ext/580189257/ES_Queue.o
 .mdebug.abi32  0xa00005cc        0x0 build/default/production/_ext/580189257/ES_Timers.o
 .mdebug.abi32  0xa00005cc        0x0 build/default/production/_ext/580189257/ES_TattleTale.o
 .mdebug.abi32  0xa00005cc        0x0 build/default/production/_ext/331920610/BOARD.o
 .mdebug.abi32  0xa00005cc        0x0 build/default/production/_ext/331920610/AD.o
 .mdebug.abi32  0xa00005cc        0x0 c:/program files (x86)/microchip/xc32/v1.44/bin/bin/../../lib/gcc/pic32mx/4.8.3/../../../../pic32mx/lib\libmchp_peripheral_32MX320F128H.a(int_configure_system_lib.o)
 .mdebug.abi32  0xa00005cc        0x0 c:/program files (x86)/microchip/xc32/v1.44/bin/bin/../../lib/gcc/pic32mx/4.8.3/../../../../pic32mx/lib\libmchp_peripheral_32MX320F128H.a(int_enable_interrupts_lib.o)
 .mdebug.abi32  0xa00005cc        0x0 c:/program files (x86)/microchip/xc32/v1.44/bin/bin/../../lib/gcc/pic32mx/4.8.3/../../../../pic32mx/lib\libmchp_peripheral_32MX320F128H.a(int_tbl_lib.o)
 .mdebug.abi32  0xa00005cc        0x0 c:/program files (x86)/microchip/xc32/v1.44/bin/bin/../../lib/gcc/pic32mx/4.8.3/../../../../pic32mx/lib\libmchp_peripheral_32MX320F128H.a(power_sleep_lib.o)
 .mdebug.abi32  0xa00005cc        0x0 c:/program files (x86)/microchip/xc32/v1.44/bin/bin/../../lib/gcc/pic32mx/4.8.3/../../../../pic32mx/lib\libmchp_peripheral_32MX320F128H.a(port_set_pins_digital_in_lib.o)
 .mdebug.abi32  0xa00005cc        0x0 c:/program files (x86)/microchip/xc32/v1.44/bin/bin/../../lib/gcc/pic32mx/4.8.3/../../../../pic32mx/lib\libmchp_peripheral_32MX320F128H.a(_ports_tbl_libp.o)
 .mdebug.abi32  0xa00005cc        0x0 c:/program files (x86)/microchip/xc32/v1.44/bin/bin/../../lib/gcc/pic32mx/4.8.3/../../../../pic32mx/lib\libmchp_peripheral_32MX320F128H.a(uart_lib.o)
 .mdebug.abi32  0xa00005cc        0x0 c:/program files (x86)/microchip/xc32/v1.44/bin/bin/../../lib/gcc/pic32mx/4.8.3/../../../../pic32mx/lib\libmchp_peripheral_32MX320F128H.a(int_disable_interrupts_lib.o)
 .mdebug.abi32  0xa00005cc        0x0 c:/program files (x86)/microchip/xc32/v1.44/bin/bin/../../lib/gcc/pic32mx/4.8.3/../../../../pic32mx/lib\libmchp_peripheral_32MX320F128H.a(int_restore_interrupts_lib.o)
 .mdebug.abi32  0xa00005cc        0x0 c:/program files (x86)/microchip/xc32/v1.44/bin/bin/../../lib/gcc/pic32mx/4.8.3\libgcc.a(floatunsisf.o)
 .mdebug.abi32  0xa00005cc        0x0 c:/program files (x86)/microchip/xc32/v1.44/bin/bin/../../lib/gcc/pic32mx/4.8.3/../../../../pic32mx/lib\libpic32.a(default-bootstrap-exception-handler.o)
 .mdebug.abi32  0xa00005cc        0x0 c:/program files (x86)/microchip/xc32/v1.44/bin/bin/../../lib/gcc/pic32mx/4.8.3/../../../../pic32mx/lib\libpic32.a(default-on-reset.o)
 .mdebug.abi32  0xa00005cc        0x0 c:/program files (x86)/microchip/xc32/v1.44/bin/bin/../../lib/gcc/pic32mx/4.8.3/../../../../pic32mx/lib\libpic32.a(default-on-bootstrap.o)
 .mdebug.abi32  0xa00005cc        0x0 c:/program files (x86)/microchip/xc32/v1.44/bin/bin/../../lib/gcc/pic32mx/4.8.3/../../../../pic32mx/lib\libpic32.a(default-general-exception-handler.o)
 .mdebug.abi32  0xa00005cc        0x0 c:/program files (x86)/microchip/xc32/v1.44/bin/bin/../../lib/gcc/pic32mx/4.8.3/../../../../pic32mx/lib\libpic32.a(defaultinterrupt.o)
 .mdebug.abi32  0xa00005cc        0x0 c:/program files (x86)/microchip/xc32/v1.44/bin/bin/../../lib/gcc/pic32mx/4.8.3/../../../../pic32mx/lib\liblega-c.a(fputc.o)
 .mdebug.abi32  0xa00005cc        0x0 c:/program files (x86)/microchip/xc32/v1.44/bin/bin/../../lib/gcc/pic32mx/4.8.3/../../../../pic32mx/lib\liblega-c.a(fputs.o)
 .mdebug.abi32  0xa00005cc        0x0 c:/program files (x86)/microchip/xc32/v1.44/bin/bin/../../lib/gcc/pic32mx/4.8.3/../../../../pic32mx/lib\liblega-c.a(printf_cdnopsuxX.eo)
 .mdebug.abi32  0xa00005cc        0x0 c:/program files (x86)/microchip/xc32/v1.44/bin/bin/../../lib/gcc/pic32mx/4.8.3/../../../../pic32mx/lib\liblega-c.a(strlen.o)
 .mdebug.abi32  0xa00005cc        0x0 c:/program files (x86)/microchip/xc32/v1.44/bin/bin/../../lib/gcc/pic32mx/4.8.3/../../../../pic32mx/lib\liblega-c.a(_doprnt_cdnopsuxX.eo)
 .mdebug.abi32  0xa00005cc        0x0 c:/program files (x86)/microchip/xc32/v1.44/bin/bin/../../lib/gcc/pic32mx/4.8.3/../../../../pic32mx/lib\liblega-c.a(_iobdata.o)
 .mdebug.abi32  0xa00005cc        0x0 c:/program files (x86)/microchip/xc32/v1.44/bin/bin/../../lib/gcc/pic32mx/4.8.3/../../../../pic32mx/lib\liblega-c.a(_iobfuncs.o)
 .mdebug.abi32  0xa00005cc        0x0 c:/program files (x86)/microchip/xc32/v1.44/bin/bin/../../lib/gcc/pic32mx/4.8.3/../../../../pic32mx/lib\liblega-c.a(errno.o)
 .mdebug.abi32  0xa00005cc        0x0 c:/program files (x86)/microchip/xc32/v1.44/bin/bin/../../lib/gcc/pic32mx/4.8.3\libgcc.a(_udivdi3.o)
 .mdebug.abi32  0xa00005cc        0x0 c:/program files (x86)/microchip/xc32/v1.44/bin/bin/../../lib/gcc/pic32mx/4.8.3\libgcc.a(_umoddi3.o)
 .mdebug.abi32  0xa00005cc        0x0 c:/program files (x86)/microchip/xc32/v1.44/bin/bin/../../lib/gcc/pic32mx/4.8.3/../../../../pic32mx/lib\libpic32.a(_mon_write.o)

.mdebug.abiN32
 *(.mdebug.abiN32)

.mdebug.abi64
 *(.mdebug.abi64)

.mdebug.abiO64
 *(.mdebug.abiO64)

.mdebug.eabi32
 *(.mdebug.eabi32)

.mdebug.eabi64
 *(.mdebug.eabi64)

.gcc_compiled_long32
 *(.gcc_compiled_long32)

.gcc_compiled_long64
 *(.gcc_compiled_long64)

.stab
 *(.stab)

.stabstr
 *(.stabstr)

.stab.excl
 *(.stab.excl)

.stab.exclstr
 *(.stab.exclstr)

.stab.index
 *(.stab.index)

.stab.indexstr
 *(.stab.indexstr)

.comment        0x00000000      0x2ff
 *(.comment)
 .comment       0x00000000       0x3c build/default/production/_ext/331920610/AD.o
                                 0x3d (size before relaxing)
 .comment       0x00000000       0x3d build/default/production/_ext/331920610/BOARD.o
 .comment       0x00000000       0x3d build/default/production/_ext/331920610/IO_Ports.o
 .comment       0x00000000       0x3d build/default/production/_ext/331920610/LED.o
 .comment       0x00000000       0x3d build/default/production/_ext/331920610/pwm.o
 .comment       0x00000000       0x3d build/default/production/_ext/331920610/serial.o
 .comment       0x00000000       0x3d build/default/production/_ext/331920610/timers.o
 .comment       0x00000000       0x3d build/default/production/_ext/580189257/ES_CheckEvents.o
 .comment       0x00000000       0x3d build/default/production/_ext/580189257/ES_Framework.o
 .comment       0x00000000       0x3d build/default/production/_ext/580189257/ES_KeyboardInput.o
 .comment       0x00000000       0x3d build/default/production/_ext/580189257/ES_PostList.o
 .comment       0x00000000       0x3d build/default/production/_ext/580189257/ES_Queue.o
 .comment       0x00000000       0x3d build/default/production/_ext/580189257/ES_TattleTale.o
 .comment       0x00000000       0x3d build/default/production/_ext/580189257/ES_Timers.o
 .comment       0x00000000       0x3d build/default/production/_ext/580189257/ES_Main.o
 .comment       0x00000000       0x3d build/default/production/_ext/580189257/TopLevelHSM.o
 .comment       0x00000000       0x3d build/default/production/_ext/580189257/SubSearchingHSM.o
 .comment       0x00000000       0x3d build/default/production/_ext/580189257/SubOrientationHSM.o
 .comment       0x00000000       0x3d build/default/production/_ext/580189257/BeaconEventChecker.o
 .comment       0x00000000       0x3d build/default/production/_ext/580189257/BumpEventChecker.o
 .comment       0x00000000       0x3d build/default/production/_ext/580189257/motor_drivers.o
 .comment       0x00000000       0x3d build/default/production/_ext/580189257/RC_Servo.o
 .comment       0x00000000       0x3d build/default/production/_ext/580189257/CornerTapeEventChecker.o
 .comment       0x00000000       0x3d build/default/production/_ext/580189257/TapeEventChecker.o
 .comment       0x00000000       0x3d build/default/production/_ext/580189257/TrackWireEventChecker.o
 .comment       0x00000000       0x3d build/default/production/_ext/580189257/RenShipTapeEventChecker.o
 .comment       0x00000000       0x3d build/default/production/_ext/580189257/KillCountEventChecker.o
 .comment       0x00000000       0x3d build/default/production/_ext/580189257/SubEngagingHSM.o
 .comment       0x00000000       0x3d build/default/production/_ext/331920610/IO_Ports.o
 .comment       0x00000000       0x3d build/default/production/_ext/331920610/LED.o
 .comment       0x00000000       0x3d build/default/production/_ext/331920610/pwm.o
 .comment       0x00000000       0x3d build/default/production/_ext/580189257/RC_Servo.o
 .comment       0x00000000       0x3d build/default/production/_ext/331920610/serial.o
 .comment       0x00000000       0x3d build/default/production/_ext/331920610/timers.o
 .comment       0x00000000       0x3d build/default/production/_ext/580189257/ES_CheckEvents.o
 .comment       0x00000000       0x3d build/default/production/_ext/580189257/ES_Framework.o
 .comment       0x00000000       0x3d build/default/production/_ext/580189257/ES_KeyboardInput.o
 .comment       0x00000000       0x3d build/default/production/_ext/580189257/ES_PostList.o
 .comment       0x00000000       0x3d build/default/production/_ext/580189257/ES_Queue.o
 .comment       0x00000000       0x3d build/default/production/_ext/580189257/ES_Timers.o
 .comment       0x00000000       0x3d build/default/production/_ext/580189257/ES_TattleTale.o
 .comment       0x00000000       0x3d build/default/production/_ext/331920610/BOARD.o
 .comment       0x00000000       0x3d build/default/production/_ext/331920610/AD.o
 .comment       0x0000003c       0x3c c:/program files (x86)/microchip/xc32/v1.44/bin/bin/../../lib/gcc/pic32mx/4.8.3/../../../../pic32mx/lib\libmchp_peripheral_32MX320F128H.a(int_configure_system_lib.o)
                                 0x3d (size before relaxing)
 .comment       0x00000000       0x3d c:/program files (x86)/microchip/xc32/v1.44/bin/bin/../../lib/gcc/pic32mx/4.8.3/../../../../pic32mx/lib\libmchp_peripheral_32MX320F128H.a(int_enable_interrupts_lib.o)
 .comment       0x00000000       0x3d c:/program files (x86)/microchip/xc32/v1.44/bin/bin/../../lib/gcc/pic32mx/4.8.3/../../../../pic32mx/lib\libmchp_peripheral_32MX320F128H.a(int_tbl_lib.o)
 .comment       0x00000000       0x3d c:/program files (x86)/microchip/xc32/v1.44/bin/bin/../../lib/gcc/pic32mx/4.8.3/../../../../pic32mx/lib\libmchp_peripheral_32MX320F128H.a(power_sleep_lib.o)
 .comment       0x00000000       0x3d c:/program files (x86)/microchip/xc32/v1.44/bin/bin/../../lib/gcc/pic32mx/4.8.3/../../../../pic32mx/lib\libmchp_peripheral_32MX320F128H.a(port_set_pins_digital_in_lib.o)
 .comment       0x00000000       0x3d c:/program files (x86)/microchip/xc32/v1.44/bin/bin/../../lib/gcc/pic32mx/4.8.3/../../../../pic32mx/lib\libmchp_peripheral_32MX320F128H.a(_ports_tbl_libp.o)
 .comment       0x00000000       0x3d c:/program files (x86)/microchip/xc32/v1.44/bin/bin/../../lib/gcc/pic32mx/4.8.3/../../../../pic32mx/lib\libmchp_peripheral_32MX320F128H.a(uart_lib.o)
 .comment       0x00000000       0x3d c:/program files (x86)/microchip/xc32/v1.44/bin/bin/../../lib/gcc/pic32mx/4.8.3/../../../../pic32mx/lib\libmchp_peripheral_32MX320F128H.a(int_disable_interrupts_lib.o)
 .comment       0x00000000       0x3d c:/program files (x86)/microchip/xc32/v1.44/bin/bin/../../lib/gcc/pic32mx/4.8.3/../../../../pic32mx/lib\libmchp_peripheral_32MX320F128H.a(int_restore_interrupts_lib.o)
 .comment       0x00000000       0x3d c:/program files (x86)/microchip/xc32/v1.44/bin/bin/../../lib/gcc/pic32mx/4.8.3\libgcc.a(floatunsisf.o)
 .comment       0x00000000       0x3d c:/program files (x86)/microchip/xc32/v1.44/bin/bin/../../lib/gcc/pic32mx/4.8.3/../../../../pic32mx/lib\libpic32.a(default-bootstrap-exception-handler.o)
 .comment       0x00000000       0x3d c:/program files (x86)/microchip/xc32/v1.44/bin/bin/../../lib/gcc/pic32mx/4.8.3/../../../../pic32mx/lib\libpic32.a(default-on-reset.o)
 .comment       0x00000000       0x3d c:/program files (x86)/microchip/xc32/v1.44/bin/bin/../../lib/gcc/pic32mx/4.8.3/../../../../pic32mx/lib\libpic32.a(default-on-bootstrap.o)
 .comment       0x00000000       0x3d c:/program files (x86)/microchip/xc32/v1.44/bin/bin/../../lib/gcc/pic32mx/4.8.3/../../../../pic32mx/lib\libpic32.a(default-general-exception-handler.o)
 .comment       0x00000000       0x3d c:/program files (x86)/microchip/xc32/v1.44/bin/bin/../../lib/gcc/pic32mx/4.8.3/../../../../pic32mx/lib\libpic32.a(defaultinterrupt.o)
 .comment       0x00000078       0x50 c:/program files (x86)/microchip/xc32/v1.44/bin/bin/../../lib/gcc/pic32mx/4.8.3/../../../../pic32mx/lib\liblega-c.a(fputc.o)
                                 0x8d (size before relaxing)
 .comment       0x000000c8       0x50 c:/program files (x86)/microchip/xc32/v1.44/bin/bin/../../lib/gcc/pic32mx/4.8.3/../../../../pic32mx/lib\liblega-c.a(fputs.o)
                                 0x8d (size before relaxing)
 .comment       0x00000118       0x51 c:/program files (x86)/microchip/xc32/v1.44/bin/bin/../../lib/gcc/pic32mx/4.8.3/../../../../pic32mx/lib\liblega-c.a(printf_cdnopsuxX.eo)
                                 0x8e (size before relaxing)
 .comment       0x00000169       0x4f c:/program files (x86)/microchip/xc32/v1.44/bin/bin/../../lib/gcc/pic32mx/4.8.3/../../../../pic32mx/lib\liblega-c.a(strlen.o)
                                 0x8c (size before relaxing)
 .comment       0x000001b8       0x52 c:/program files (x86)/microchip/xc32/v1.44/bin/bin/../../lib/gcc/pic32mx/4.8.3/../../../../pic32mx/lib\liblega-c.a(_doprnt_cdnopsuxX.eo)
                                 0x8f (size before relaxing)
 .comment       0x0000020a       0x53 c:/program files (x86)/microchip/xc32/v1.44/bin/bin/../../lib/gcc/pic32mx/4.8.3/../../../../pic32mx/lib\liblega-c.a(_iobdata.o)
                                 0x90 (size before relaxing)
 .comment       0x0000025d       0x54 c:/program files (x86)/microchip/xc32/v1.44/bin/bin/../../lib/gcc/pic32mx/4.8.3/../../../../pic32mx/lib\liblega-c.a(_iobfuncs.o)
                                 0x91 (size before relaxing)
 .comment       0x000002b1       0x4e c:/program files (x86)/microchip/xc32/v1.44/bin/bin/../../lib/gcc/pic32mx/4.8.3/../../../../pic32mx/lib\liblega-c.a(errno.o)
                                 0x8b (size before relaxing)
 .comment       0x00000000       0x3d c:/program files (x86)/microchip/xc32/v1.44/bin/bin/../../lib/gcc/pic32mx/4.8.3\libgcc.a(_udivdi3.o)
 .comment       0x00000000       0x3d c:/program files (x86)/microchip/xc32/v1.44/bin/bin/../../lib/gcc/pic32mx/4.8.3\libgcc.a(_umoddi3.o)
 .comment       0x00000000       0x3d c:/program files (x86)/microchip/xc32/v1.44/bin/bin/../../lib/gcc/pic32mx/4.8.3/../../../../pic32mx/lib\libpic32.a(_mon_write.o)

.debug
 *(.debug)

.line
 *(.line)

.debug_srcinfo
 *(.debug_srcinfo)

.debug_sfnames
 *(.debug_sfnames)

.debug_aranges  0x00000000      0x7e8
 *(.debug_aranges)
 .debug_aranges
                0x00000000       0x20 build/default/production/_ext/331920610/AD.o
 .debug_aranges
                0x00000020       0x20 build/default/production/_ext/331920610/BOARD.o
 .debug_aranges
                0x00000040       0x20 build/default/production/_ext/331920610/IO_Ports.o
 .debug_aranges
                0x00000060       0x20 build/default/production/_ext/331920610/LED.o
 .debug_aranges
                0x00000080       0x20 build/default/production/_ext/331920610/pwm.o
 .debug_aranges
                0x000000a0       0x20 build/default/production/_ext/331920610/serial.o
 .debug_aranges
                0x000000c0       0x20 build/default/production/_ext/331920610/timers.o
 .debug_aranges
                0x000000e0       0x20 build/default/production/_ext/580189257/ES_CheckEvents.o
 .debug_aranges
                0x00000100       0x20 build/default/production/_ext/580189257/ES_Framework.o
 .debug_aranges
                0x00000120       0x20 build/default/production/_ext/580189257/ES_KeyboardInput.o
 .debug_aranges
                0x00000140       0x18 build/default/production/_ext/580189257/ES_PostList.o
 .debug_aranges
                0x00000158       0x20 build/default/production/_ext/580189257/ES_Queue.o
 .debug_aranges
                0x00000178       0x20 build/default/production/_ext/580189257/ES_TattleTale.o
 .debug_aranges
                0x00000198       0x20 build/default/production/_ext/580189257/ES_Timers.o
 .debug_aranges
                0x000001b8       0x20 build/default/production/_ext/580189257/ES_Main.o
 .debug_aranges
                0x000001d8       0x20 build/default/production/_ext/580189257/TopLevelHSM.o
 .debug_aranges
                0x000001f8       0x20 build/default/production/_ext/580189257/SubSearchingHSM.o
 .debug_aranges
                0x00000218       0x20 build/default/production/_ext/580189257/SubOrientationHSM.o
 .debug_aranges
                0x00000238       0x20 build/default/production/_ext/580189257/BeaconEventChecker.o
 .debug_aranges
                0x00000258       0x20 build/default/production/_ext/580189257/BumpEventChecker.o
 .debug_aranges
                0x00000278       0x20 build/default/production/_ext/580189257/motor_drivers.o
 .debug_aranges
                0x00000298       0x20 build/default/production/_ext/580189257/RC_Servo.o
 .debug_aranges
                0x000002b8       0x20 build/default/production/_ext/580189257/CornerTapeEventChecker.o
 .debug_aranges
                0x000002d8       0x20 build/default/production/_ext/580189257/TapeEventChecker.o
 .debug_aranges
                0x000002f8       0x20 build/default/production/_ext/580189257/TrackWireEventChecker.o
 .debug_aranges
                0x00000318       0x20 build/default/production/_ext/580189257/RenShipTapeEventChecker.o
 .debug_aranges
                0x00000338       0x20 build/default/production/_ext/580189257/KillCountEventChecker.o
 .debug_aranges
                0x00000358       0x20 build/default/production/_ext/580189257/SubEngagingHSM.o
 .debug_aranges
                0x00000378       0x20 build/default/production/_ext/331920610/IO_Ports.o
 .debug_aranges
                0x00000398       0x20 build/default/production/_ext/331920610/LED.o
 .debug_aranges
                0x000003b8       0x20 build/default/production/_ext/331920610/pwm.o
 .debug_aranges
                0x000003d8       0x20 build/default/production/_ext/580189257/RC_Servo.o
 .debug_aranges
                0x000003f8       0x20 build/default/production/_ext/331920610/serial.o
 .debug_aranges
                0x00000418       0x20 build/default/production/_ext/331920610/timers.o
 .debug_aranges
                0x00000438       0x20 build/default/production/_ext/580189257/ES_CheckEvents.o
 .debug_aranges
                0x00000458       0x20 build/default/production/_ext/580189257/ES_Framework.o
 .debug_aranges
                0x00000478       0x20 build/default/production/_ext/580189257/ES_KeyboardInput.o
 .debug_aranges
                0x00000498       0x18 build/default/production/_ext/580189257/ES_PostList.o
 .debug_aranges
                0x000004b0       0x20 build/default/production/_ext/580189257/ES_Queue.o
 .debug_aranges
                0x000004d0       0x20 build/default/production/_ext/580189257/ES_Timers.o
 .debug_aranges
                0x000004f0       0x20 build/default/production/_ext/580189257/ES_TattleTale.o
 .debug_aranges
                0x00000510       0x20 build/default/production/_ext/331920610/BOARD.o
 .debug_aranges
                0x00000530       0x20 build/default/production/_ext/331920610/AD.o
 .debug_aranges
                0x00000550       0x20 c:/program files (x86)/microchip/xc32/v1.44/bin/bin/../../lib/gcc/pic32mx/4.8.3/../../../../pic32mx/lib\libmchp_peripheral_32MX320F128H.a(int_configure_system_lib.o)
 .debug_aranges
                0x00000570       0x20 c:/program files (x86)/microchip/xc32/v1.44/bin/bin/../../lib/gcc/pic32mx/4.8.3/../../../../pic32mx/lib\libmchp_peripheral_32MX320F128H.a(int_enable_interrupts_lib.o)
 .debug_aranges
                0x00000590       0x60 c:/program files (x86)/microchip/xc32/v1.44/bin/bin/../../lib/gcc/pic32mx/4.8.3/../../../../pic32mx/lib\libmchp_peripheral_32MX320F128H.a(int_tbl_lib.o)
 .debug_aranges
                0x000005f0       0x20 c:/program files (x86)/microchip/xc32/v1.44/bin/bin/../../lib/gcc/pic32mx/4.8.3/../../../../pic32mx/lib\libmchp_peripheral_32MX320F128H.a(power_sleep_lib.o)
 .debug_aranges
                0x00000610       0x20 c:/program files (x86)/microchip/xc32/v1.44/bin/bin/../../lib/gcc/pic32mx/4.8.3/../../../../pic32mx/lib\libmchp_peripheral_32MX320F128H.a(port_set_pins_digital_in_lib.o)
 .debug_aranges
                0x00000630       0x58 c:/program files (x86)/microchip/xc32/v1.44/bin/bin/../../lib/gcc/pic32mx/4.8.3/../../../../pic32mx/lib\libmchp_peripheral_32MX320F128H.a(uart_lib.o)
 .debug_aranges
                0x00000688       0x20 c:/program files (x86)/microchip/xc32/v1.44/bin/bin/../../lib/gcc/pic32mx/4.8.3/../../../../pic32mx/lib\libmchp_peripheral_32MX320F128H.a(int_disable_interrupts_lib.o)
 .debug_aranges
                0x000006a8       0x20 c:/program files (x86)/microchip/xc32/v1.44/bin/bin/../../lib/gcc/pic32mx/4.8.3/../../../../pic32mx/lib\libmchp_peripheral_32MX320F128H.a(int_restore_interrupts_lib.o)
 .debug_aranges
                0x000006c8       0x20 c:/program files (x86)/microchip/xc32/v1.44/bin/bin/../../lib/gcc/pic32mx/4.8.3\libgcc.a(floatunsisf.o)
 .debug_aranges
                0x000006e8       0x20 c:/program files (x86)/microchip/xc32/v1.44/bin/bin/../../lib/gcc/pic32mx/4.8.3/../../../../pic32mx/lib\libpic32.a(default-bootstrap-exception-handler.o)
 .debug_aranges
                0x00000708       0x20 c:/program files (x86)/microchip/xc32/v1.44/bin/bin/../../lib/gcc/pic32mx/4.8.3/../../../../pic32mx/lib\libpic32.a(default-on-reset.o)
 .debug_aranges
                0x00000728       0x20 c:/program files (x86)/microchip/xc32/v1.44/bin/bin/../../lib/gcc/pic32mx/4.8.3/../../../../pic32mx/lib\libpic32.a(default-on-bootstrap.o)
 .debug_aranges
                0x00000748       0x20 c:/program files (x86)/microchip/xc32/v1.44/bin/bin/../../lib/gcc/pic32mx/4.8.3/../../../../pic32mx/lib\libpic32.a(default-general-exception-handler.o)
 .debug_aranges
                0x00000768       0x20 c:/program files (x86)/microchip/xc32/v1.44/bin/bin/../../lib/gcc/pic32mx/4.8.3/../../../../pic32mx/lib\libpic32.a(defaultinterrupt.o)
 .debug_aranges
                0x00000788       0x20 c:/program files (x86)/microchip/xc32/v1.44/bin/bin/../../lib/gcc/pic32mx/4.8.3\libgcc.a(_udivdi3.o)
 .debug_aranges
                0x000007a8       0x20 c:/program files (x86)/microchip/xc32/v1.44/bin/bin/../../lib/gcc/pic32mx/4.8.3\libgcc.a(_umoddi3.o)
 .debug_aranges
                0x000007c8       0x20 c:/program files (x86)/microchip/xc32/v1.44/bin/bin/../../lib/gcc/pic32mx/4.8.3/../../../../pic32mx/lib\libpic32.a(_mon_write.o)

.debug_pubnames
 *(.debug_pubnames)

.debug_info     0x00000000    0x1d4a5
 *(.debug_info .gnu.linkonce.wi.*)
 .debug_info    0x00000000      0xe2f build/default/production/_ext/331920610/AD.o
 .debug_info    0x00000e2f     0x1095 build/default/production/_ext/331920610/BOARD.o
 .debug_info    0x00001ec4      0xf9b build/default/production/_ext/331920610/IO_Ports.o
 .debug_info    0x00002e5f     0x1637 build/default/production/_ext/331920610/LED.o
 .debug_info    0x00004496      0x9a5 build/default/production/_ext/331920610/pwm.o
 .debug_info    0x00004e3b     0x1c68 build/default/production/_ext/331920610/serial.o
 .debug_info    0x00006aa3      0xc26 build/default/production/_ext/331920610/timers.o
 .debug_info    0x000076c9      0x22c build/default/production/_ext/580189257/ES_CheckEvents.o
 .debug_info    0x000078f5      0x7d0 build/default/production/_ext/580189257/ES_Framework.o
 .debug_info    0x000080c5      0x614 build/default/production/_ext/580189257/ES_KeyboardInput.o
 .debug_info    0x000086d9      0x16e build/default/production/_ext/580189257/ES_PostList.o
 .debug_info    0x00008847      0x5ca build/default/production/_ext/580189257/ES_Queue.o
 .debug_info    0x00008e11      0x6c9 build/default/production/_ext/580189257/ES_TattleTale.o
 .debug_info    0x000094da      0x881 build/default/production/_ext/580189257/ES_Timers.o
 .debug_info    0x00009d5b      0x37d build/default/production/_ext/580189257/ES_Main.o
 .debug_info    0x0000a0d8      0x5f1 build/default/production/_ext/580189257/TopLevelHSM.o
 .debug_info    0x0000a6c9      0x752 build/default/production/_ext/580189257/SubSearchingHSM.o
 .debug_info    0x0000ae1b      0x71d build/default/production/_ext/580189257/SubOrientationHSM.o
 .debug_info    0x0000b538      0x5bd build/default/production/_ext/580189257/BeaconEventChecker.o
 .debug_info    0x0000baf5      0x5c9 build/default/production/_ext/580189257/BumpEventChecker.o
 .debug_info    0x0000c0be      0x46a build/default/production/_ext/580189257/motor_drivers.o
 .debug_info    0x0000c528     0x18a7 build/default/production/_ext/580189257/RC_Servo.o
 .debug_info    0x0000ddcf      0x59e build/default/production/_ext/580189257/CornerTapeEventChecker.o
 .debug_info    0x0000e36d      0x586 build/default/production/_ext/580189257/TapeEventChecker.o
 .debug_info    0x0000e8f3      0x6e9 build/default/production/_ext/580189257/TrackWireEventChecker.o
 .debug_info    0x0000efdc      0x5a2 build/default/production/_ext/580189257/RenShipTapeEventChecker.o
 .debug_info    0x0000f57e      0x59d build/default/production/_ext/580189257/KillCountEventChecker.o
 .debug_info    0x0000fb1b      0x6c5 build/default/production/_ext/580189257/SubEngagingHSM.o
 .debug_info    0x000101e0      0xf9b build/default/production/_ext/331920610/IO_Ports.o
 .debug_info    0x0001117b     0x1637 build/default/production/_ext/331920610/LED.o
 .debug_info    0x000127b2      0x9a5 build/default/production/_ext/331920610/pwm.o
 .debug_info    0x00013157     0x18a7 build/default/production/_ext/580189257/RC_Servo.o
 .debug_info    0x000149fe     0x1c68 build/default/production/_ext/331920610/serial.o
 .debug_info    0x00016666      0xc26 build/default/production/_ext/331920610/timers.o
 .debug_info    0x0001728c      0x22c build/default/production/_ext/580189257/ES_CheckEvents.o
 .debug_info    0x000174b8      0x7d0 build/default/production/_ext/580189257/ES_Framework.o
 .debug_info    0x00017c88      0x614 build/default/production/_ext/580189257/ES_KeyboardInput.o
 .debug_info    0x0001829c      0x16e build/default/production/_ext/580189257/ES_PostList.o
 .debug_info    0x0001840a      0x5ca build/default/production/_ext/580189257/ES_Queue.o
 .debug_info    0x000189d4      0x881 build/default/production/_ext/580189257/ES_Timers.o
 .debug_info    0x00019255      0x6c9 build/default/production/_ext/580189257/ES_TattleTale.o
 .debug_info    0x0001991e     0x1095 build/default/production/_ext/331920610/BOARD.o
 .debug_info    0x0001a9b3      0xe2f build/default/production/_ext/331920610/AD.o
 .debug_info    0x0001b7e2       0xb0 c:/program files (x86)/microchip/xc32/v1.44/bin/bin/../../lib/gcc/pic32mx/4.8.3/../../../../pic32mx/lib\libmchp_peripheral_32MX320F128H.a(int_configure_system_lib.o)
 .debug_info    0x0001b892       0xb2 c:/program files (x86)/microchip/xc32/v1.44/bin/bin/../../lib/gcc/pic32mx/4.8.3/../../../../pic32mx/lib\libmchp_peripheral_32MX320F128H.a(int_enable_interrupts_lib.o)
 .debug_info    0x0001b944      0x19c c:/program files (x86)/microchip/xc32/v1.44/bin/bin/../../lib/gcc/pic32mx/4.8.3/../../../../pic32mx/lib\libmchp_peripheral_32MX320F128H.a(int_tbl_lib.o)
 .debug_info    0x0001bae0       0xa5 c:/program files (x86)/microchip/xc32/v1.44/bin/bin/../../lib/gcc/pic32mx/4.8.3/../../../../pic32mx/lib\libmchp_peripheral_32MX320F128H.a(power_sleep_lib.o)
 .debug_info    0x0001bb85       0xb8 c:/program files (x86)/microchip/xc32/v1.44/bin/bin/../../lib/gcc/pic32mx/4.8.3/../../../../pic32mx/lib\libmchp_peripheral_32MX320F128H.a(port_set_pins_digital_in_lib.o)
 .debug_info    0x0001bc3d      0x17a c:/program files (x86)/microchip/xc32/v1.44/bin/bin/../../lib/gcc/pic32mx/4.8.3/../../../../pic32mx/lib\libmchp_peripheral_32MX320F128H.a(uart_lib.o)
 .debug_info    0x0001bdb7       0xb4 c:/program files (x86)/microchip/xc32/v1.44/bin/bin/../../lib/gcc/pic32mx/4.8.3/../../../../pic32mx/lib\libmchp_peripheral_32MX320F128H.a(int_disable_interrupts_lib.o)
 .debug_info    0x0001be6b       0xb4 c:/program files (x86)/microchip/xc32/v1.44/bin/bin/../../lib/gcc/pic32mx/4.8.3/../../../../pic32mx/lib\libmchp_peripheral_32MX320F128H.a(int_restore_interrupts_lib.o)
 .debug_info    0x0001bf1f      0x12f c:/program files (x86)/microchip/xc32/v1.44/bin/bin/../../lib/gcc/pic32mx/4.8.3\libgcc.a(floatunsisf.o)
 .debug_info    0x0001c04e       0xf5 c:/program files (x86)/microchip/xc32/v1.44/bin/bin/../../lib/gcc/pic32mx/4.8.3/../../../../pic32mx/lib\libpic32.a(default-bootstrap-exception-handler.o)
 .debug_info    0x0001c143       0xce c:/program files (x86)/microchip/xc32/v1.44/bin/bin/../../lib/gcc/pic32mx/4.8.3/../../../../pic32mx/lib\libpic32.a(default-on-reset.o)
 .debug_info    0x0001c211       0xd6 c:/program files (x86)/microchip/xc32/v1.44/bin/bin/../../lib/gcc/pic32mx/4.8.3/../../../../pic32mx/lib\libpic32.a(default-on-bootstrap.o)
 .debug_info    0x0001c2e7       0xf1 c:/program files (x86)/microchip/xc32/v1.44/bin/bin/../../lib/gcc/pic32mx/4.8.3/../../../../pic32mx/lib\libpic32.a(default-general-exception-handler.o)
 .debug_info    0x0001c3d8       0xe8 c:/program files (x86)/microchip/xc32/v1.44/bin/bin/../../lib/gcc/pic32mx/4.8.3/../../../../pic32mx/lib\libpic32.a(defaultinterrupt.o)
 .debug_info    0x0001c4c0      0x76f c:/program files (x86)/microchip/xc32/v1.44/bin/bin/../../lib/gcc/pic32mx/4.8.3\libgcc.a(_udivdi3.o)
 .debug_info    0x0001cc2f      0x7ac c:/program files (x86)/microchip/xc32/v1.44/bin/bin/../../lib/gcc/pic32mx/4.8.3\libgcc.a(_umoddi3.o)
 .debug_info    0x0001d3db       0xca c:/program files (x86)/microchip/xc32/v1.44/bin/bin/../../lib/gcc/pic32mx/4.8.3/../../../../pic32mx/lib\libpic32.a(_mon_write.o)

.debug_abbrev   0x00000000     0x418f
 *(.debug_abbrev)
 .debug_abbrev  0x00000000      0x192 build/default/production/_ext/331920610/AD.o
 .debug_abbrev  0x00000192      0x16b build/default/production/_ext/331920610/BOARD.o
 .debug_abbrev  0x000002fd      0x196 build/default/production/_ext/331920610/IO_Ports.o
 .debug_abbrev  0x00000493      0x201 build/default/production/_ext/331920610/LED.o
 .debug_abbrev  0x00000694      0x1c4 build/default/production/_ext/331920610/pwm.o
 .debug_abbrev  0x00000858      0x274 build/default/production/_ext/331920610/serial.o
 .debug_abbrev  0x00000acc      0x154 build/default/production/_ext/331920610/timers.o
 .debug_abbrev  0x00000c20       0x98 build/default/production/_ext/580189257/ES_CheckEvents.o
 .debug_abbrev  0x00000cb8      0x167 build/default/production/_ext/580189257/ES_Framework.o
 .debug_abbrev  0x00000e1f      0x18a build/default/production/_ext/580189257/ES_KeyboardInput.o
 .debug_abbrev  0x00000fa9       0x4a build/default/production/_ext/580189257/ES_PostList.o
 .debug_abbrev  0x00000ff3       0xf4 build/default/production/_ext/580189257/ES_Queue.o
 .debug_abbrev  0x000010e7      0x18c build/default/production/_ext/580189257/ES_TattleTale.o
 .debug_abbrev  0x00001273      0x1c3 build/default/production/_ext/580189257/ES_Timers.o
 .debug_abbrev  0x00001436      0x128 build/default/production/_ext/580189257/ES_Main.o
 .debug_abbrev  0x0000155e      0x117 build/default/production/_ext/580189257/TopLevelHSM.o
 .debug_abbrev  0x00001675      0x145 build/default/production/_ext/580189257/SubSearchingHSM.o
 .debug_abbrev  0x000017ba      0x16d build/default/production/_ext/580189257/SubOrientationHSM.o
 .debug_abbrev  0x00001927      0x148 build/default/production/_ext/580189257/BeaconEventChecker.o
 .debug_abbrev  0x00001a6f      0x148 build/default/production/_ext/580189257/BumpEventChecker.o
 .debug_abbrev  0x00001bb7       0xa4 build/default/production/_ext/580189257/motor_drivers.o
 .debug_abbrev  0x00001c5b      0x253 build/default/production/_ext/580189257/RC_Servo.o
 .debug_abbrev  0x00001eae      0x129 build/default/production/_ext/580189257/CornerTapeEventChecker.o
 .debug_abbrev  0x00001fd7      0x129 build/default/production/_ext/580189257/TapeEventChecker.o
 .debug_abbrev  0x00002100      0x148 build/default/production/_ext/580189257/TrackWireEventChecker.o
 .debug_abbrev  0x00002248      0x129 build/default/production/_ext/580189257/RenShipTapeEventChecker.o
 .debug_abbrev  0x00002371      0x129 build/default/production/_ext/580189257/KillCountEventChecker.o
 .debug_abbrev  0x0000249a      0x145 build/default/production/_ext/580189257/SubEngagingHSM.o
 .debug_abbrev  0x000025df      0x196 build/default/production/_ext/331920610/IO_Ports.o
 .debug_abbrev  0x00002775      0x201 build/default/production/_ext/331920610/LED.o
 .debug_abbrev  0x00002976      0x1c4 build/default/production/_ext/331920610/pwm.o
 .debug_abbrev  0x00002b3a      0x253 build/default/production/_ext/580189257/RC_Servo.o
 .debug_abbrev  0x00002d8d      0x274 build/default/production/_ext/331920610/serial.o
 .debug_abbrev  0x00003001      0x154 build/default/production/_ext/331920610/timers.o
 .debug_abbrev  0x00003155       0x98 build/default/production/_ext/580189257/ES_CheckEvents.o
 .debug_abbrev  0x000031ed      0x167 build/default/production/_ext/580189257/ES_Framework.o
 .debug_abbrev  0x00003354      0x18a build/default/production/_ext/580189257/ES_KeyboardInput.o
 .debug_abbrev  0x000034de       0x4a build/default/production/_ext/580189257/ES_PostList.o
 .debug_abbrev  0x00003528       0xf4 build/default/production/_ext/580189257/ES_Queue.o
 .debug_abbrev  0x0000361c      0x1c3 build/default/production/_ext/580189257/ES_Timers.o
 .debug_abbrev  0x000037df      0x18c build/default/production/_ext/580189257/ES_TattleTale.o
 .debug_abbrev  0x0000396b      0x16b build/default/production/_ext/331920610/BOARD.o
 .debug_abbrev  0x00003ad6      0x192 build/default/production/_ext/331920610/AD.o
 .debug_abbrev  0x00003c68       0x28 c:/program files (x86)/microchip/xc32/v1.44/bin/bin/../../lib/gcc/pic32mx/4.8.3/../../../../pic32mx/lib\libmchp_peripheral_32MX320F128H.a(int_configure_system_lib.o)
 .debug_abbrev  0x00003c90       0x28 c:/program files (x86)/microchip/xc32/v1.44/bin/bin/../../lib/gcc/pic32mx/4.8.3/../../../../pic32mx/lib\libmchp_peripheral_32MX320F128H.a(int_enable_interrupts_lib.o)
 .debug_abbrev  0x00003cb8       0x28 c:/program files (x86)/microchip/xc32/v1.44/bin/bin/../../lib/gcc/pic32mx/4.8.3/../../../../pic32mx/lib\libmchp_peripheral_32MX320F128H.a(int_tbl_lib.o)
 .debug_abbrev  0x00003ce0       0x28 c:/program files (x86)/microchip/xc32/v1.44/bin/bin/../../lib/gcc/pic32mx/4.8.3/../../../../pic32mx/lib\libmchp_peripheral_32MX320F128H.a(power_sleep_lib.o)
 .debug_abbrev  0x00003d08       0x28 c:/program files (x86)/microchip/xc32/v1.44/bin/bin/../../lib/gcc/pic32mx/4.8.3/../../../../pic32mx/lib\libmchp_peripheral_32MX320F128H.a(port_set_pins_digital_in_lib.o)
 .debug_abbrev  0x00003d30       0x3e c:/program files (x86)/microchip/xc32/v1.44/bin/bin/../../lib/gcc/pic32mx/4.8.3/../../../../pic32mx/lib\libmchp_peripheral_32MX320F128H.a(uart_lib.o)
 .debug_abbrev  0x00003d6e       0x28 c:/program files (x86)/microchip/xc32/v1.44/bin/bin/../../lib/gcc/pic32mx/4.8.3/../../../../pic32mx/lib\libmchp_peripheral_32MX320F128H.a(int_disable_interrupts_lib.o)
 .debug_abbrev  0x00003d96       0x28 c:/program files (x86)/microchip/xc32/v1.44/bin/bin/../../lib/gcc/pic32mx/4.8.3/../../../../pic32mx/lib\libmchp_peripheral_32MX320F128H.a(int_restore_interrupts_lib.o)
 .debug_abbrev  0x00003dbe       0x62 c:/program files (x86)/microchip/xc32/v1.44/bin/bin/../../lib/gcc/pic32mx/4.8.3\libgcc.a(floatunsisf.o)
 .debug_abbrev  0x00003e20       0x28 c:/program files (x86)/microchip/xc32/v1.44/bin/bin/../../lib/gcc/pic32mx/4.8.3/../../../../pic32mx/lib\libpic32.a(default-bootstrap-exception-handler.o)
 .debug_abbrev  0x00003e48       0x28 c:/program files (x86)/microchip/xc32/v1.44/bin/bin/../../lib/gcc/pic32mx/4.8.3/../../../../pic32mx/lib\libpic32.a(default-on-reset.o)
 .debug_abbrev  0x00003e70       0x28 c:/program files (x86)/microchip/xc32/v1.44/bin/bin/../../lib/gcc/pic32mx/4.8.3/../../../../pic32mx/lib\libpic32.a(default-on-bootstrap.o)
 .debug_abbrev  0x00003e98       0x28 c:/program files (x86)/microchip/xc32/v1.44/bin/bin/../../lib/gcc/pic32mx/4.8.3/../../../../pic32mx/lib\libpic32.a(default-general-exception-handler.o)
 .debug_abbrev  0x00003ec0       0x28 c:/program files (x86)/microchip/xc32/v1.44/bin/bin/../../lib/gcc/pic32mx/4.8.3/../../../../pic32mx/lib\libpic32.a(defaultinterrupt.o)
 .debug_abbrev  0x00003ee8      0x138 c:/program files (x86)/microchip/xc32/v1.44/bin/bin/../../lib/gcc/pic32mx/4.8.3\libgcc.a(_udivdi3.o)
 .debug_abbrev  0x00004020      0x147 c:/program files (x86)/microchip/xc32/v1.44/bin/bin/../../lib/gcc/pic32mx/4.8.3\libgcc.a(_umoddi3.o)
 .debug_abbrev  0x00004167       0x28 c:/program files (x86)/microchip/xc32/v1.44/bin/bin/../../lib/gcc/pic32mx/4.8.3/../../../../pic32mx/lib\libpic32.a(_mon_write.o)

.debug_line     0x00000000     0x5cf1
 *(.debug_line)
 .debug_line    0x00000000      0x28f build/default/production/_ext/331920610/AD.o
 .debug_line    0x0000028f      0x1e5 build/default/production/_ext/331920610/BOARD.o
 .debug_line    0x00000474      0x1df build/default/production/_ext/331920610/IO_Ports.o
 .debug_line    0x00000653      0x311 build/default/production/_ext/331920610/LED.o
 .debug_line    0x00000964      0x26c build/default/production/_ext/331920610/pwm.o
 .debug_line    0x00000bd0      0x2a3 build/default/production/_ext/331920610/serial.o
 .debug_line    0x00000e73      0x1d8 build/default/production/_ext/331920610/timers.o
 .debug_line    0x0000104b      0x15e build/default/production/_ext/580189257/ES_CheckEvents.o
 .debug_line    0x000011a9      0x1d2 build/default/production/_ext/580189257/ES_Framework.o
 .debug_line    0x0000137b      0x1c5 build/default/production/_ext/580189257/ES_KeyboardInput.o
 .debug_line    0x00001540       0x6a build/default/production/_ext/580189257/ES_PostList.o
 .debug_line    0x000015aa      0x183 build/default/production/_ext/580189257/ES_Queue.o
 .debug_line    0x0000172d      0x1f1 build/default/production/_ext/580189257/ES_TattleTale.o
 .debug_line    0x0000191e      0x1da build/default/production/_ext/580189257/ES_Timers.o
 .debug_line    0x00001af8      0x115 build/default/production/_ext/580189257/ES_Main.o
 .debug_line    0x00001c0d      0x1c1 build/default/production/_ext/580189257/TopLevelHSM.o
 .debug_line    0x00001dce      0x29d build/default/production/_ext/580189257/SubSearchingHSM.o
 .debug_line    0x0000206b      0x24d build/default/production/_ext/580189257/SubOrientationHSM.o
 .debug_line    0x000022b8      0x1b6 build/default/production/_ext/580189257/BeaconEventChecker.o
 .debug_line    0x0000246e      0x1bb build/default/production/_ext/580189257/BumpEventChecker.o
 .debug_line    0x00002629      0x12c build/default/production/_ext/580189257/motor_drivers.o
 .debug_line    0x00002755      0x308 build/default/production/_ext/580189257/RC_Servo.o
 .debug_line    0x00002a5d      0x1ba build/default/production/_ext/580189257/CornerTapeEventChecker.o
 .debug_line    0x00002c17      0x1b3 build/default/production/_ext/580189257/TapeEventChecker.o
 .debug_line    0x00002dca      0x1d7 build/default/production/_ext/580189257/TrackWireEventChecker.o
 .debug_line    0x00002fa1      0x1bb build/default/production/_ext/580189257/RenShipTapeEventChecker.o
 .debug_line    0x0000315c      0x1b9 build/default/production/_ext/580189257/KillCountEventChecker.o
 .debug_line    0x00003315      0x232 build/default/production/_ext/580189257/SubEngagingHSM.o
 .debug_line    0x00003547      0x1df build/default/production/_ext/331920610/IO_Ports.o
 .debug_line    0x00003726      0x311 build/default/production/_ext/331920610/LED.o
 .debug_line    0x00003a37      0x26c build/default/production/_ext/331920610/pwm.o
 .debug_line    0x00003ca3      0x308 build/default/production/_ext/580189257/RC_Servo.o
 .debug_line    0x00003fab      0x2a3 build/default/production/_ext/331920610/serial.o
 .debug_line    0x0000424e      0x1d8 build/default/production/_ext/331920610/timers.o
 .debug_line    0x00004426      0x15e build/default/production/_ext/580189257/ES_CheckEvents.o
 .debug_line    0x00004584      0x1d2 build/default/production/_ext/580189257/ES_Framework.o
 .debug_line    0x00004756      0x1c5 build/default/production/_ext/580189257/ES_KeyboardInput.o
 .debug_line    0x0000491b       0x6a build/default/production/_ext/580189257/ES_PostList.o
 .debug_line    0x00004985      0x183 build/default/production/_ext/580189257/ES_Queue.o
 .debug_line    0x00004b08      0x1da build/default/production/_ext/580189257/ES_Timers.o
 .debug_line    0x00004ce2      0x1f1 build/default/production/_ext/580189257/ES_TattleTale.o
 .debug_line    0x00004ed3      0x1e5 build/default/production/_ext/331920610/BOARD.o
 .debug_line    0x000050b8      0x28f build/default/production/_ext/331920610/AD.o
 .debug_line    0x00005347       0x6e c:/program files (x86)/microchip/xc32/v1.44/bin/bin/../../lib/gcc/pic32mx/4.8.3/../../../../pic32mx/lib\libmchp_peripheral_32MX320F128H.a(int_configure_system_lib.o)
 .debug_line    0x000053b5       0x6f c:/program files (x86)/microchip/xc32/v1.44/bin/bin/../../lib/gcc/pic32mx/4.8.3/../../../../pic32mx/lib\libmchp_peripheral_32MX320F128H.a(int_enable_interrupts_lib.o)
 .debug_line    0x00005424       0x61 c:/program files (x86)/microchip/xc32/v1.44/bin/bin/../../lib/gcc/pic32mx/4.8.3/../../../../pic32mx/lib\libmchp_peripheral_32MX320F128H.a(int_tbl_lib.o)
 .debug_line    0x00005485       0x67 c:/program files (x86)/microchip/xc32/v1.44/bin/bin/../../lib/gcc/pic32mx/4.8.3/../../../../pic32mx/lib\libmchp_peripheral_32MX320F128H.a(power_sleep_lib.o)
 .debug_line    0x000054ec       0x74 c:/program files (x86)/microchip/xc32/v1.44/bin/bin/../../lib/gcc/pic32mx/4.8.3/../../../../pic32mx/lib\libmchp_peripheral_32MX320F128H.a(port_set_pins_digital_in_lib.o)
 .debug_line    0x00005560        0x0 c:/program files (x86)/microchip/xc32/v1.44/bin/bin/../../lib/gcc/pic32mx/4.8.3/../../../../pic32mx/lib\libmchp_peripheral_32MX320F128H.a(_ports_tbl_libp.o)
 .debug_line    0x00005560       0x5f c:/program files (x86)/microchip/xc32/v1.44/bin/bin/../../lib/gcc/pic32mx/4.8.3/../../../../pic32mx/lib\libmchp_peripheral_32MX320F128H.a(uart_lib.o)
 .debug_line    0x000055bf       0x70 c:/program files (x86)/microchip/xc32/v1.44/bin/bin/../../lib/gcc/pic32mx/4.8.3/../../../../pic32mx/lib\libmchp_peripheral_32MX320F128H.a(int_disable_interrupts_lib.o)
 .debug_line    0x0000562f       0x70 c:/program files (x86)/microchip/xc32/v1.44/bin/bin/../../lib/gcc/pic32mx/4.8.3/../../../../pic32mx/lib\libmchp_peripheral_32MX320F128H.a(int_restore_interrupts_lib.o)
 .debug_line    0x0000569f       0x9a c:/program files (x86)/microchip/xc32/v1.44/bin/bin/../../lib/gcc/pic32mx/4.8.3\libgcc.a(floatunsisf.o)
 .debug_line    0x00005739       0xa7 c:/program files (x86)/microchip/xc32/v1.44/bin/bin/../../lib/gcc/pic32mx/4.8.3/../../../../pic32mx/lib\libpic32.a(default-bootstrap-exception-handler.o)
 .debug_line    0x000057e0       0x94 c:/program files (x86)/microchip/xc32/v1.44/bin/bin/../../lib/gcc/pic32mx/4.8.3/../../../../pic32mx/lib\libpic32.a(default-on-reset.o)
 .debug_line    0x00005874       0x98 c:/program files (x86)/microchip/xc32/v1.44/bin/bin/../../lib/gcc/pic32mx/4.8.3/../../../../pic32mx/lib\libpic32.a(default-on-bootstrap.o)
 .debug_line    0x0000590c       0xa5 c:/program files (x86)/microchip/xc32/v1.44/bin/bin/../../lib/gcc/pic32mx/4.8.3/../../../../pic32mx/lib\libpic32.a(default-general-exception-handler.o)
 .debug_line    0x000059b1       0xa6 c:/program files (x86)/microchip/xc32/v1.44/bin/bin/../../lib/gcc/pic32mx/4.8.3/../../../../pic32mx/lib\libpic32.a(defaultinterrupt.o)
 .debug_line    0x00005a57       0xfd c:/program files (x86)/microchip/xc32/v1.44/bin/bin/../../lib/gcc/pic32mx/4.8.3\libgcc.a(_udivdi3.o)
 .debug_line    0x00005b54      0x10f c:/program files (x86)/microchip/xc32/v1.44/bin/bin/../../lib/gcc/pic32mx/4.8.3\libgcc.a(_umoddi3.o)
 .debug_line    0x00005c63       0x8e c:/program files (x86)/microchip/xc32/v1.44/bin/bin/../../lib/gcc/pic32mx/4.8.3/../../../../pic32mx/lib\libpic32.a(_mon_write.o)

.debug_frame    0x00000000     0x2818
 *(.debug_frame)
 .debug_frame   0x00000000      0x16c build/default/production/_ext/331920610/AD.o
 .debug_frame   0x0000016c       0x6c build/default/production/_ext/331920610/BOARD.o
 .debug_frame   0x000001d8      0x1d0 build/default/production/_ext/331920610/IO_Ports.o
 .debug_frame   0x000003a8      0x148 build/default/production/_ext/331920610/LED.o
 .debug_frame   0x000004f0      0x128 build/default/production/_ext/331920610/pwm.o
 .debug_frame   0x00000618      0x29c build/default/production/_ext/331920610/serial.o
 .debug_frame   0x000008b4      0x18c build/default/production/_ext/331920610/timers.o
 .debug_frame   0x00000a40       0x30 build/default/production/_ext/580189257/ES_CheckEvents.o
 .debug_frame   0x00000a70       0xac build/default/production/_ext/580189257/ES_Framework.o
 .debug_frame   0x00000b1c       0x88 build/default/production/_ext/580189257/ES_KeyboardInput.o
 .debug_frame   0x00000ba4       0x8c build/default/production/_ext/580189257/ES_Queue.o
 .debug_frame   0x00000c30       0x70 build/default/production/_ext/580189257/ES_TattleTale.o
 .debug_frame   0x00000ca0      0x12c build/default/production/_ext/580189257/ES_Timers.o
 .debug_frame   0x00000dcc       0xac build/default/production/_ext/580189257/ES_Main.o
 .debug_frame   0x00000e78       0x70 build/default/production/_ext/580189257/TopLevelHSM.o
 .debug_frame   0x00000ee8       0x50 build/default/production/_ext/580189257/SubSearchingHSM.o
 .debug_frame   0x00000f38       0x50 build/default/production/_ext/580189257/SubOrientationHSM.o
 .debug_frame   0x00000f88       0x30 build/default/production/_ext/580189257/BeaconEventChecker.o
 .debug_frame   0x00000fb8       0x30 build/default/production/_ext/580189257/BumpEventChecker.o
 .debug_frame   0x00000fe8      0x250 build/default/production/_ext/580189257/motor_drivers.o
 .debug_frame   0x00001238      0x1c8 build/default/production/_ext/580189257/RC_Servo.o
 .debug_frame   0x00001400       0x30 build/default/production/_ext/580189257/CornerTapeEventChecker.o
 .debug_frame   0x00001430       0x30 build/default/production/_ext/580189257/TapeEventChecker.o
 .debug_frame   0x00001460       0x30 build/default/production/_ext/580189257/TrackWireEventChecker.o
 .debug_frame   0x00001490       0x30 build/default/production/_ext/580189257/RenShipTapeEventChecker.o
 .debug_frame   0x000014c0       0x30 build/default/production/_ext/580189257/KillCountEventChecker.o
 .debug_frame   0x000014f0       0x50 build/default/production/_ext/580189257/SubEngagingHSM.o
 .debug_frame   0x00001540      0x1d0 build/default/production/_ext/331920610/IO_Ports.o
 .debug_frame   0x00001710      0x148 build/default/production/_ext/331920610/LED.o
 .debug_frame   0x00001858      0x128 build/default/production/_ext/331920610/pwm.o
 .debug_frame   0x00001980      0x1c8 build/default/production/_ext/580189257/RC_Servo.o
 .debug_frame   0x00001b48      0x29c build/default/production/_ext/331920610/serial.o
 .debug_frame   0x00001de4      0x18c build/default/production/_ext/331920610/timers.o
 .debug_frame   0x00001f70       0x30 build/default/production/_ext/580189257/ES_CheckEvents.o
 .debug_frame   0x00001fa0       0xac build/default/production/_ext/580189257/ES_Framework.o
 .debug_frame   0x0000204c       0x88 build/default/production/_ext/580189257/ES_KeyboardInput.o
 .debug_frame   0x000020d4       0x8c build/default/production/_ext/580189257/ES_Queue.o
 .debug_frame   0x00002160      0x12c build/default/production/_ext/580189257/ES_Timers.o
 .debug_frame   0x0000228c       0x70 build/default/production/_ext/580189257/ES_TattleTale.o
 .debug_frame   0x000022fc       0x6c build/default/production/_ext/331920610/BOARD.o
 .debug_frame   0x00002368      0x16c build/default/production/_ext/331920610/AD.o
 .debug_frame   0x000024d4       0x20 c:/program files (x86)/microchip/xc32/v1.44/bin/bin/../../lib/gcc/pic32mx/4.8.3/../../../../pic32mx/lib\libmchp_peripheral_32MX320F128H.a(int_configure_system_lib.o)
 .debug_frame   0x000024f4       0x20 c:/program files (x86)/microchip/xc32/v1.44/bin/bin/../../lib/gcc/pic32mx/4.8.3/../../../../pic32mx/lib\libmchp_peripheral_32MX320F128H.a(int_enable_interrupts_lib.o)
 .debug_frame   0x00002514       0xa0 c:/program files (x86)/microchip/xc32/v1.44/bin/bin/../../lib/gcc/pic32mx/4.8.3/../../../../pic32mx/lib\libmchp_peripheral_32MX320F128H.a(int_tbl_lib.o)
 .debug_frame   0x000025b4       0x28 c:/program files (x86)/microchip/xc32/v1.44/bin/bin/../../lib/gcc/pic32mx/4.8.3/../../../../pic32mx/lib\libmchp_peripheral_32MX320F128H.a(power_sleep_lib.o)
 .debug_frame   0x000025dc       0x20 c:/program files (x86)/microchip/xc32/v1.44/bin/bin/../../lib/gcc/pic32mx/4.8.3/../../../../pic32mx/lib\libmchp_peripheral_32MX320F128H.a(port_set_pins_digital_in_lib.o)
 .debug_frame   0x000025fc       0x90 c:/program files (x86)/microchip/xc32/v1.44/bin/bin/../../lib/gcc/pic32mx/4.8.3/../../../../pic32mx/lib\libmchp_peripheral_32MX320F128H.a(uart_lib.o)
 .debug_frame   0x0000268c       0x20 c:/program files (x86)/microchip/xc32/v1.44/bin/bin/../../lib/gcc/pic32mx/4.8.3/../../../../pic32mx/lib\libmchp_peripheral_32MX320F128H.a(int_disable_interrupts_lib.o)
 .debug_frame   0x000026ac       0x20 c:/program files (x86)/microchip/xc32/v1.44/bin/bin/../../lib/gcc/pic32mx/4.8.3/../../../../pic32mx/lib\libmchp_peripheral_32MX320F128H.a(int_restore_interrupts_lib.o)
 .debug_frame   0x000026cc       0x28 c:/program files (x86)/microchip/xc32/v1.44/bin/bin/../../lib/gcc/pic32mx/4.8.3\libgcc.a(floatunsisf.o)
 .debug_frame   0x000026f4       0x2c c:/program files (x86)/microchip/xc32/v1.44/bin/bin/../../lib/gcc/pic32mx/4.8.3/../../../../pic32mx/lib\libpic32.a(default-bootstrap-exception-handler.o)
 .debug_frame   0x00002720       0x20 c:/program files (x86)/microchip/xc32/v1.44/bin/bin/../../lib/gcc/pic32mx/4.8.3/../../../../pic32mx/lib\libpic32.a(default-on-reset.o)
 .debug_frame   0x00002740       0x20 c:/program files (x86)/microchip/xc32/v1.44/bin/bin/../../lib/gcc/pic32mx/4.8.3/../../../../pic32mx/lib\libpic32.a(default-on-bootstrap.o)